Java HotSpot(TM) Server VM (25.131-b11) for windows-x86 JRE (1.8.0_131-b11), built on Mar 15 2017 01:23:55 by "java_re" with MS VC++ 10.0 (VS2010)
Memory: 4k page, physical 16734500k(7809436k free), swap 19224868k(7905680k free)
CommandLine flags: -XX:CMSInitiatingOccupancyFraction=50 -XX:CMSMaxAbortablePrecleanTime=6000 -XX:+CMSParallelRemarkEnabled -XX:+CMSScavengeBeforeRemark -XX:ConcGCThreads=4 -XX:GCLogFileSize=20971520 -XX:InitialHeapSize=536870912 -XX:MaxHeapSize=536870912 -XX:MaxTenuringThreshold=8 -XX:NewRatio=3 -XX:NumberOfGCLogFiles=9 -XX:OldPLABSize=16 -XX:-OmitStackTraceInFastThrow -XX:ParallelGCThreads=4 -XX:+ParallelRefProcEnabled -XX:PretenureSizeThreshold=67108864 -XX:+PrintGC -XX:+PrintGCApplicationStoppedTime -XX:+PrintGCDateStamps -XX:+PrintGCDetails -XX:+PrintGCTimeStamps -XX:+PrintHeapAtGC -XX:+PrintTenuringDistribution -XX:SurvivorRatio=4 -XX:TargetSurvivorRatio=90 -XX:ThreadStackSize=256 -XX:+UseCMSInitiatingOccupancyOnly -XX:+UseConcMarkSweepGC -XX:+UseGCLogFileRotation -XX:-UseLargePagesIndividualAllocation -XX:+UseParNewGC 
2019-04-09T16:58:52.508+0800: 0.244: Total time for which application threads were stopped: 0.0000859 seconds, Stopping threads took: 0.0000138 seconds
2019-04-09T16:58:53.508+0800: 1.245: Total time for which application threads were stopped: 0.0000682 seconds, Stopping threads took: 0.0000303 seconds
2019-04-09T16:58:54.222+0800: 1.960: Total time for which application threads were stopped: 0.0000709 seconds, Stopping threads took: 0.0000141 seconds
2019-04-09T16:58:55.223+0800: 2.959: Total time for which application threads were stopped: 0.0000535 seconds, Stopping threads took: 0.0000219 seconds
2019-04-09T16:58:56.022+0800: 3.759: Total time for which application threads were stopped: 0.0001097 seconds, Stopping threads took: 0.0000186 seconds
2019-04-09T16:58:56.178+0800: 3.915: Total time for which application threads were stopped: 0.0001061 seconds, Stopping threads took: 0.0000129 seconds
2019-04-09T16:58:56.400+0800: 4.137: Total time for which application threads were stopped: 0.0001142 seconds, Stopping threads took: 0.0000198 seconds
2019-04-09T16:58:56.609+0800: 4.345: Total time for which application threads were stopped: 0.0000706 seconds, Stopping threads took: 0.0000258 seconds
2019-04-09T16:58:56.609+0800: 4.345: Total time for which application threads were stopped: 0.0000261 seconds, Stopping threads took: 0.0000072 seconds
2019-04-09T16:58:56.610+0800: 4.346: Total time for which application threads were stopped: 0.0002866 seconds, Stopping threads took: 0.0002632 seconds
2019-04-09T16:58:56.610+0800: 4.346: Total time for which application threads were stopped: 0.0000373 seconds, Stopping threads took: 0.0000246 seconds
2019-04-09T16:58:56.612+0800: 4.349: Total time for which application threads were stopped: 0.0001127 seconds, Stopping threads took: 0.0000093 seconds
2019-04-09T16:58:56.617+0800: 4.353: Total time for which application threads were stopped: 0.0001358 seconds, Stopping threads took: 0.0000180 seconds
2019-04-09T16:58:56.667+0800: 4.404: Total time for which application threads were stopped: 0.0001412 seconds, Stopping threads took: 0.0000165 seconds
2019-04-09T16:58:57.668+0800: 5.405: Total time for which application threads were stopped: 0.0000466 seconds, Stopping threads took: 0.0000204 seconds
2019-04-09T16:58:58.668+0800: 6.405: Total time for which application threads were stopped: 0.0000457 seconds, Stopping threads took: 0.0000198 seconds
2019-04-09T16:59:00.669+0800: 8.406: Total time for which application threads were stopped: 0.0000454 seconds, Stopping threads took: 0.0000192 seconds
2019-04-09T16:59:01.591+0800: 9.329: Total time for which application threads were stopped: 0.0001800 seconds, Stopping threads took: 0.0000147 seconds
{Heap before GC invocations=0 (full 0):
 par new generation   total 109248K, used 87424K [0x11a00000, 0x19a00000, 0x19a00000)
  eden space 87424K, 100% used [0x11a00000, 0x16f60000, 0x16f60000)
  from space 21824K,   0% used [0x16f60000, 0x16f60000, 0x184b0000)
  to   space 21824K,   0% used [0x184b0000, 0x184b0000, 0x19a00000)
 concurrent mark-sweep generation total 393216K, used 0K [0x19a00000, 0x31a00000, 0x31a00000)
 Metaspace       used 12054K, capacity 12328K, committed 12416K, reserved 12672K
2019-04-09T16:59:01.698+0800: 9.435: [GC (Allocation Failure) 2019-04-09T16:59:01.698+0800: 9.435: [ParNew
Desired survivor size 20112996 bytes, new threshold 8 (max 8)
- age   1:   11023232 bytes,   11023232 total
: 87424K->10817K(109248K), 0.0066494 secs] 87424K->10817K(502464K), 0.0067077 secs] [Times: user=0.03 sys=0.03, real=0.01 secs] 
Heap after GC invocations=1 (full 0):
 par new generation   total 109248K, used 10817K [0x11a00000, 0x19a00000, 0x19a00000)
  eden space 87424K,   0% used [0x11a00000, 0x11a00000, 0x16f60000)
  from space 21824K,  49% used [0x184b0000, 0x18f40588, 0x19a00000)
  to   space 21824K,   0% used [0x16f60000, 0x16f60000, 0x184b0000)
 concurrent mark-sweep generation total 393216K, used 0K [0x19a00000, 0x31a00000, 0x31a00000)
 Metaspace       used 12054K, capacity 12328K, committed 12416K, reserved 12672K
}
2019-04-09T16:59:01.705+0800: 9.442: Total time for which application threads were stopped: 0.0069219 seconds, Stopping threads took: 0.0000315 seconds
2019-04-09T16:59:01.706+0800: 9.443: Total time for which application threads were stopped: 0.0000655 seconds, Stopping threads took: 0.0000297 seconds
2019-04-09T16:59:01.706+0800: 9.443: Total time for which application threads were stopped: 0.0000439 seconds, Stopping threads took: 0.0000186 seconds
2019-04-09T16:59:01.706+0800: 9.443: Total time for which application threads were stopped: 0.0000634 seconds, Stopping threads took: 0.0000412 seconds
2019-04-09T16:59:01.706+0800: 9.443: Total time for which application threads were stopped: 0.0000646 seconds, Stopping threads took: 0.0000322 seconds
2019-04-09T16:59:01.708+0800: 9.445: Total time for which application threads were stopped: 0.0003107 seconds, Stopping threads took: 0.0002644 seconds
2019-04-09T16:59:01.708+0800: 9.445: Total time for which application threads were stopped: 0.0000532 seconds, Stopping threads took: 0.0000180 seconds
2019-04-09T16:59:01.708+0800: 9.445: Total time for which application threads were stopped: 0.0000490 seconds, Stopping threads took: 0.0000138 seconds
2019-04-09T16:59:01.708+0800: 9.445: Total time for which application threads were stopped: 0.0000466 seconds, Stopping threads took: 0.0000141 seconds
2019-04-09T16:59:01.708+0800: 9.445: Total time for which application threads were stopped: 0.0000322 seconds, Stopping threads took: 0.0000075 seconds
2019-04-09T16:59:01.708+0800: 9.445: Total time for which application threads were stopped: 0.0000349 seconds, Stopping threads took: 0.0000069 seconds
2019-04-09T16:59:01.708+0800: 9.445: Total time for which application threads were stopped: 0.0000297 seconds, Stopping threads took: 0.0000060 seconds
2019-04-09T16:59:01.708+0800: 9.445: Total time for which application threads were stopped: 0.0000288 seconds, Stopping threads took: 0.0000060 seconds
2019-04-09T16:59:01.708+0800: 9.445: Total time for which application threads were stopped: 0.0000282 seconds, Stopping threads took: 0.0000060 seconds
2019-04-09T16:59:01.709+0800: 9.446: Total time for which application threads were stopped: 0.0000303 seconds, Stopping threads took: 0.0000060 seconds
2019-04-09T16:59:01.709+0800: 9.446: Total time for which application threads were stopped: 0.0000430 seconds, Stopping threads took: 0.0000111 seconds
2019-04-09T16:59:01.709+0800: 9.446: Total time for which application threads were stopped: 0.0000403 seconds, Stopping threads took: 0.0000117 seconds
2019-04-09T16:59:01.709+0800: 9.446: Total time for which application threads were stopped: 0.0000361 seconds, Stopping threads took: 0.0000123 seconds
2019-04-09T16:59:01.709+0800: 9.446: Total time for which application threads were stopped: 0.0000331 seconds, Stopping threads took: 0.0000072 seconds
2019-04-09T16:59:01.709+0800: 9.446: Total time for which application threads were stopped: 0.0000312 seconds, Stopping threads took: 0.0000072 seconds
2019-04-09T16:59:01.709+0800: 9.446: Total time for which application threads were stopped: 0.0002539 seconds, Stopping threads took: 0.0002193 seconds
2019-04-09T16:59:01.709+0800: 9.446: Total time for which application threads were stopped: 0.0000427 seconds, Stopping threads took: 0.0000150 seconds
2019-04-09T16:59:01.709+0800: 9.446: Total time for which application threads were stopped: 0.0000550 seconds, Stopping threads took: 0.0000150 seconds
2019-04-09T16:59:01.709+0800: 9.446: Total time for which application threads were stopped: 0.0000394 seconds, Stopping threads took: 0.0000108 seconds
2019-04-09T16:59:01.710+0800: 9.447: Total time for which application threads were stopped: 0.0000667 seconds, Stopping threads took: 0.0000379 seconds
2019-04-09T16:59:02.711+0800: 10.448: Total time for which application threads were stopped: 0.0001148 seconds, Stopping threads took: 0.0000577 seconds
2019-04-09T16:59:02.986+0800: 10.723: Total time for which application threads were stopped: 0.0002254 seconds, Stopping threads took: 0.0000346 seconds
2019-04-09T16:59:02.992+0800: 10.729: Total time for which application threads were stopped: 0.0002248 seconds, Stopping threads took: 0.0000198 seconds
2019-04-09T16:59:02.993+0800: 10.730: Total time for which application threads were stopped: 0.0002142 seconds, Stopping threads took: 0.0000156 seconds
2019-04-09T16:59:03.011+0800: 10.748: Total time for which application threads were stopped: 0.0000658 seconds, Stopping threads took: 0.0000261 seconds
2019-04-09T16:59:03.041+0800: 10.778: Total time for which application threads were stopped: 0.0001902 seconds, Stopping threads took: 0.0000150 seconds
2019-04-09T16:59:03.070+0800: 10.807: Total time for which application threads were stopped: 0.0000697 seconds, Stopping threads took: 0.0000180 seconds
2019-04-09T16:59:03.153+0800: 10.889: Total time for which application threads were stopped: 0.0002398 seconds, Stopping threads took: 0.0000186 seconds
2019-04-09T16:59:03.202+0800: 10.938: Total time for which application threads were stopped: 0.0000700 seconds, Stopping threads took: 0.0000243 seconds
2019-04-09T16:59:03.257+0800: 10.994: Total time for which application threads were stopped: 0.0000499 seconds, Stopping threads took: 0.0000168 seconds
2019-04-09T16:59:03.330+0800: 11.067: Total time for which application threads were stopped: 0.0000550 seconds, Stopping threads took: 0.0000159 seconds
2019-04-09T16:59:03.355+0800: 11.092: Total time for which application threads were stopped: 0.0002752 seconds, Stopping threads took: 0.0000328 seconds
2019-04-09T16:59:03.374+0800: 11.111: Total time for which application threads were stopped: 0.0000577 seconds, Stopping threads took: 0.0000183 seconds
2019-04-09T16:59:03.706+0800: 11.443: [GC (CMS Initial Mark) [1 CMS-initial-mark: 0K(393216K)] 94003K(502464K), 0.0207931 secs] [Times: user=0.06 sys=0.00, real=0.02 secs] 
2019-04-09T16:59:03.727+0800: 11.464: Total time for which application threads were stopped: 0.0210112 seconds, Stopping threads took: 0.0000505 seconds
2019-04-09T16:59:03.727+0800: 11.464: [CMS-concurrent-mark-start]
2019-04-09T16:59:03.727+0800: 11.464: [CMS-concurrent-mark: 0.000/0.000 secs] [Times: user=0.00 sys=0.00, real=0.00 secs] 
2019-04-09T16:59:03.727+0800: 11.464: [CMS-concurrent-preclean-start]
2019-04-09T16:59:03.729+0800: 11.466: [CMS-concurrent-preclean: 0.002/0.002 secs] [Times: user=0.00 sys=0.00, real=0.00 secs] 
2019-04-09T16:59:03.729+0800: 11.466: [CMS-concurrent-abortable-preclean-start]
2019-04-09T16:59:07.962+0800: 15.699: Total time for which application threads were stopped: 0.0001073 seconds, Stopping threads took: 0.0000201 seconds
{Heap before GC invocations=1 (full 1):
 par new generation   total 109248K, used 98241K [0x11a00000, 0x19a00000, 0x19a00000)
  eden space 87424K, 100% used [0x11a00000, 0x16f60000, 0x16f60000)
  from space 21824K,  49% used [0x184b0000, 0x18f40588, 0x19a00000)
  to   space 21824K,   0% used [0x16f60000, 0x16f60000, 0x184b0000)
 concurrent mark-sweep generation total 393216K, used 0K [0x19a00000, 0x31a00000, 0x31a00000)
 Metaspace       used 16714K, capacity 17182K, committed 17280K, reserved 17792K
2019-04-09T16:59:07.964+0800: 15.701: [GC (Allocation Failure) 2019-04-09T16:59:07.964+0800: 15.701: [ParNew
Desired survivor size 20112996 bytes, new threshold 8 (max 8)
- age   1:    6151808 bytes,    6151808 total
- age   2:    4597176 bytes,   10748984 total
: 98241K->13358K(109248K), 0.0061855 secs] 98241K->13358K(502464K), 0.0062516 secs] [Times: user=0.06 sys=0.00, real=0.01 secs] 
Heap after GC invocations=2 (full 1):
 par new generation   total 109248K, used 13358K [0x11a00000, 0x19a00000, 0x19a00000)
  eden space 87424K,   0% used [0x11a00000, 0x11a00000, 0x16f60000)
  from space 21824K,  61% used [0x16f60000, 0x17c6bae8, 0x184b0000)
  to   space 21824K,   0% used [0x184b0000, 0x184b0000, 0x19a00000)
 concurrent mark-sweep generation total 393216K, used 0K [0x19a00000, 0x31a00000, 0x31a00000)
 Metaspace       used 16714K, capacity 17182K, committed 17280K, reserved 17792K
}
2019-04-09T16:59:07.971+0800: 15.708: Total time for which application threads were stopped: 0.0063931 seconds, Stopping threads took: 0.0000204 seconds
2019-04-09T16:59:07.971+0800: 15.708: Total time for which application threads were stopped: 0.0000745 seconds, Stopping threads took: 0.0000270 seconds
2019-04-09T16:59:07.972+0800: 15.709: Total time for which application threads were stopped: 0.0000655 seconds, Stopping threads took: 0.0000156 seconds
2019-04-09T16:59:07.972+0800: 15.709: Total time for which application threads were stopped: 0.0000604 seconds, Stopping threads took: 0.0000132 seconds
2019-04-09T16:59:07.972+0800: 15.710: Total time for which application threads were stopped: 0.0000409 seconds, Stopping threads took: 0.0000102 seconds
2019-04-09T16:59:07.972+0800: 15.710: Total time for which application threads were stopped: 0.0000391 seconds, Stopping threads took: 0.0000078 seconds
2019-04-09T16:59:07.972+0800: 15.710: Total time for which application threads were stopped: 0.0000358 seconds, Stopping threads took: 0.0000072 seconds
2019-04-09T16:59:07.972+0800: 15.710: Total time for which application threads were stopped: 0.0000634 seconds, Stopping threads took: 0.0000186 seconds
2019-04-09T16:59:08.003+0800: 15.740: Total time for which application threads were stopped: 0.0000859 seconds, Stopping threads took: 0.0000331 seconds
2019-04-09T16:59:08.040+0800: 15.778: Total time for which application threads were stopped: 0.0000649 seconds, Stopping threads took: 0.0000210 seconds
2019-04-09T16:59:08.055+0800: 15.792: Total time for which application threads were stopped: 0.0000676 seconds, Stopping threads took: 0.0000249 seconds
2019-04-09T16:59:08.055+0800: 15.792: Total time for which application threads were stopped: 0.0000385 seconds, Stopping threads took: 0.0000120 seconds
2019-04-09T16:59:08.055+0800: 15.793: Total time for which application threads were stopped: 0.0000322 seconds, Stopping threads took: 0.0000090 seconds
2019-04-09T16:59:08.056+0800: 15.793: Total time for which application threads were stopped: 0.0000424 seconds, Stopping threads took: 0.0000168 seconds
2019-04-09T16:59:08.138+0800: 15.875: Total time for which application threads were stopped: 0.0000736 seconds, Stopping threads took: 0.0000186 seconds
2019-04-09T16:59:08.220+0800: 15.957: Total time for which application threads were stopped: 0.0000796 seconds, Stopping threads took: 0.0000285 seconds
2019-04-09T16:59:08.220+0800: 15.958: Total time for which application threads were stopped: 0.0002169 seconds, Stopping threads took: 0.0001662 seconds
2019-04-09T16:59:08.221+0800: 15.958: Total time for which application threads were stopped: 0.0001713 seconds, Stopping threads took: 0.0001181 seconds
2019-04-09T16:59:08.221+0800: 15.958: Total time for which application threads were stopped: 0.0001223 seconds, Stopping threads took: 0.0000772 seconds
2019-04-09T16:59:08.221+0800: 15.959: Total time for which application threads were stopped: 0.0000811 seconds, Stopping threads took: 0.0000385 seconds
2019-04-09T16:59:08.221+0800: 15.959: Total time for which application threads were stopped: 0.0000472 seconds, Stopping threads took: 0.0000129 seconds
2019-04-09T16:59:08.221+0800: 15.959: Total time for which application threads were stopped: 0.0000406 seconds, Stopping threads took: 0.0000084 seconds
2019-04-09T16:59:08.221+0800: 15.959: Total time for which application threads were stopped: 0.0000424 seconds, Stopping threads took: 0.0000108 seconds
2019-04-09T16:59:08.221+0800: 15.959: Total time for which application threads were stopped: 0.0000400 seconds, Stopping threads took: 0.0000087 seconds
2019-04-09T16:59:08.222+0800: 15.959: Total time for which application threads were stopped: 0.0000799 seconds, Stopping threads took: 0.0000291 seconds
2019-04-09T16:59:08.222+0800: 15.959: Total time for which application threads were stopped: 0.0000637 seconds, Stopping threads took: 0.0000063 seconds
2019-04-09T16:59:08.222+0800: 15.959: Total time for which application threads were stopped: 0.0000508 seconds, Stopping threads took: 0.0000060 seconds
2019-04-09T16:59:08.222+0800: 15.959: Total time for which application threads were stopped: 0.0000502 seconds, Stopping threads took: 0.0000057 seconds
2019-04-09T16:59:08.222+0800: 15.959: Total time for which application threads were stopped: 0.0000481 seconds, Stopping threads took: 0.0000057 seconds
2019-04-09T16:59:08.222+0800: 15.959: Total time for which application threads were stopped: 0.0000601 seconds, Stopping threads took: 0.0000060 seconds
2019-04-09T16:59:08.222+0800: 15.959: Total time for which application threads were stopped: 0.0000601 seconds, Stopping threads took: 0.0000057 seconds
2019-04-09T16:59:08.222+0800: 15.960: Total time for which application threads were stopped: 0.0000535 seconds, Stopping threads took: 0.0000198 seconds
2019-04-09T16:59:08.222+0800: 15.960: Total time for which application threads were stopped: 0.0000601 seconds, Stopping threads took: 0.0000060 seconds
2019-04-09T16:59:08.222+0800: 15.960: Total time for which application threads were stopped: 0.0000267 seconds, Stopping threads took: 0.0000057 seconds
2019-04-09T16:59:08.222+0800: 15.960: Total time for which application threads were stopped: 0.0000409 seconds, Stopping threads took: 0.0000072 seconds
2019-04-09T16:59:08.222+0800: 15.960: Total time for which application threads were stopped: 0.0000616 seconds, Stopping threads took: 0.0000279 seconds
2019-04-09T16:59:08.223+0800: 15.960: Total time for which application threads were stopped: 0.0000817 seconds, Stopping threads took: 0.0000237 seconds
2019-04-09T16:59:08.223+0800: 15.960: Total time for which application threads were stopped: 0.0001157 seconds, Stopping threads took: 0.0000655 seconds
2019-04-09T16:59:08.223+0800: 15.960: Total time for which application threads were stopped: 0.0001139 seconds, Stopping threads took: 0.0000709 seconds
2019-04-09T16:59:08.223+0800: 15.960: Total time for which application threads were stopped: 0.0000844 seconds, Stopping threads took: 0.0000619 seconds
2019-04-09T16:59:08.223+0800: 15.960: Total time for which application threads were stopped: 0.0000775 seconds, Stopping threads took: 0.0000165 seconds
2019-04-09T16:59:08.224+0800: 15.961: Total time for which application threads were stopped: 0.0001253 seconds, Stopping threads took: 0.0000598 seconds
2019-04-09T16:59:08.224+0800: 15.961: Total time for which application threads were stopped: 0.0000454 seconds, Stopping threads took: 0.0000180 seconds
2019-04-09T16:59:08.224+0800: 15.961: Total time for which application threads were stopped: 0.0000586 seconds, Stopping threads took: 0.0000346 seconds
2019-04-09T16:59:08.224+0800: 15.961: Total time for which application threads were stopped: 0.0000661 seconds, Stopping threads took: 0.0000309 seconds
2019-04-09T16:59:08.224+0800: 15.961: Total time for which application threads were stopped: 0.0001268 seconds, Stopping threads took: 0.0001034 seconds
2019-04-09T16:59:08.224+0800: 15.961: Total time for which application threads were stopped: 0.0000673 seconds, Stopping threads took: 0.0000388 seconds
2019-04-09T16:59:08.224+0800: 15.962: Total time for which application threads were stopped: 0.0000517 seconds, Stopping threads took: 0.0000153 seconds
2019-04-09T16:59:08.224+0800: 15.962: Total time for which application threads were stopped: 0.0000775 seconds, Stopping threads took: 0.0000349 seconds
2019-04-09T16:59:08.224+0800: 15.962: Total time for which application threads were stopped: 0.0000571 seconds, Stopping threads took: 0.0000165 seconds
2019-04-09T16:59:08.225+0800: 15.962: Total time for which application threads were stopped: 0.0000640 seconds, Stopping threads took: 0.0000171 seconds
2019-04-09T16:59:08.225+0800: 15.962: Total time for which application threads were stopped: 0.0000974 seconds, Stopping threads took: 0.0000637 seconds
2019-04-09T16:59:08.225+0800: 15.962: Total time for which application threads were stopped: 0.0000577 seconds, Stopping threads took: 0.0000315 seconds
2019-04-09T16:59:08.225+0800: 15.962: Total time for which application threads were stopped: 0.0000986 seconds, Stopping threads took: 0.0000634 seconds
2019-04-09T16:59:08.225+0800: 15.962: Total time for which application threads were stopped: 0.0000487 seconds, Stopping threads took: 0.0000177 seconds
2019-04-09T16:59:08.225+0800: 15.962: Total time for which application threads were stopped: 0.0000493 seconds, Stopping threads took: 0.0000303 seconds
2019-04-09T16:59:08.225+0800: 15.962: Total time for which application threads were stopped: 0.0000331 seconds, Stopping threads took: 0.0000147 seconds
2019-04-09T16:59:08.225+0800: 15.963: Total time for which application threads were stopped: 0.0000309 seconds, Stopping threads took: 0.0000147 seconds
2019-04-09T16:59:08.225+0800: 15.963: Total time for which application threads were stopped: 0.0000279 seconds, Stopping threads took: 0.0000066 seconds
2019-04-09T16:59:08.225+0800: 15.963: Total time for which application threads were stopped: 0.0000261 seconds, Stopping threads took: 0.0000066 seconds
2019-04-09T16:59:08.225+0800: 15.963: Total time for which application threads were stopped: 0.0000258 seconds, Stopping threads took: 0.0000063 seconds
2019-04-09T16:59:08.225+0800: 15.963: Total time for which application threads were stopped: 0.0000255 seconds, Stopping threads took: 0.0000066 seconds
2019-04-09T16:59:08.225+0800: 15.963: Total time for which application threads were stopped: 0.0000252 seconds, Stopping threads took: 0.0000066 seconds
2019-04-09T16:59:08.225+0800: 15.963: Total time for which application threads were stopped: 0.0000267 seconds, Stopping threads took: 0.0000078 seconds
2019-04-09T16:59:08.226+0800: 15.963: Total time for which application threads were stopped: 0.0000586 seconds, Stopping threads took: 0.0000343 seconds
2019-04-09T16:59:08.226+0800: 15.963: Total time for which application threads were stopped: 0.0000391 seconds, Stopping threads took: 0.0000144 seconds
2019-04-09T16:59:08.226+0800: 15.963: Total time for which application threads were stopped: 0.0000358 seconds, Stopping threads took: 0.0000150 seconds
2019-04-09T16:59:08.226+0800: 15.963: Total time for which application threads were stopped: 0.0000661 seconds, Stopping threads took: 0.0000165 seconds
2019-04-09T16:59:08.226+0800: 15.963: Total time for which application threads were stopped: 0.0000376 seconds, Stopping threads took: 0.0000147 seconds
2019-04-09T16:59:08.226+0800: 15.963: Total time for which application threads were stopped: 0.0000312 seconds, Stopping threads took: 0.0000066 seconds
2019-04-09T16:59:08.226+0800: 15.964: Total time for which application threads were stopped: 0.0000306 seconds, Stopping threads took: 0.0000066 seconds
2019-04-09T16:59:08.226+0800: 15.964: Total time for which application threads were stopped: 0.0000306 seconds, Stopping threads took: 0.0000066 seconds
2019-04-09T16:59:08.227+0800: 15.964: Total time for which application threads were stopped: 0.0000472 seconds, Stopping threads took: 0.0000195 seconds
2019-04-09T16:59:08.227+0800: 15.964: Total time for which application threads were stopped: 0.0000409 seconds, Stopping threads took: 0.0000108 seconds
2019-04-09T16:59:08.227+0800: 15.964: Total time for which application threads were stopped: 0.0000442 seconds, Stopping threads took: 0.0000183 seconds
2019-04-09T16:59:08.227+0800: 15.964: Total time for which application threads were stopped: 0.0000412 seconds, Stopping threads took: 0.0000159 seconds
2019-04-09T16:59:08.227+0800: 15.964: Total time for which application threads were stopped: 0.0000463 seconds, Stopping threads took: 0.0000159 seconds
2019-04-09T16:59:08.227+0800: 15.964: Total time for which application threads were stopped: 0.0000565 seconds, Stopping threads took: 0.0000159 seconds
2019-04-09T16:59:08.227+0800: 15.965: Total time for which application threads were stopped: 0.0000406 seconds, Stopping threads took: 0.0000093 seconds
2019-04-09T16:59:08.227+0800: 15.965: Total time for which application threads were stopped: 0.0000315 seconds, Stopping threads took: 0.0000084 seconds
2019-04-09T16:59:08.227+0800: 15.965: Total time for which application threads were stopped: 0.0000442 seconds, Stopping threads took: 0.0000093 seconds
2019-04-09T16:59:08.228+0800: 15.965: Total time for which application threads were stopped: 0.0000433 seconds, Stopping threads took: 0.0000105 seconds
2019-04-09T16:59:08.228+0800: 15.965: Total time for which application threads were stopped: 0.0000448 seconds, Stopping threads took: 0.0000183 seconds
2019-04-09T16:59:08.228+0800: 15.965: Total time for which application threads were stopped: 0.0000436 seconds, Stopping threads took: 0.0000210 seconds
2019-04-09T16:59:08.228+0800: 15.965: Total time for which application threads were stopped: 0.0000376 seconds, Stopping threads took: 0.0000162 seconds
2019-04-09T16:59:08.228+0800: 15.965: Total time for which application threads were stopped: 0.0000352 seconds, Stopping threads took: 0.0000135 seconds
2019-04-09T16:59:08.228+0800: 15.965: Total time for which application threads were stopped: 0.0000394 seconds, Stopping threads took: 0.0000174 seconds
2019-04-09T16:59:08.230+0800: 15.967: Total time for which application threads were stopped: 0.0001037 seconds, Stopping threads took: 0.0000535 seconds
2019-04-09T16:59:08.238+0800: 15.975: Total time for which application threads were stopped: 0.0000544 seconds, Stopping threads took: 0.0000189 seconds
2019-04-09T16:59:08.252+0800: 15.990: Total time for which application threads were stopped: 0.0000718 seconds, Stopping threads took: 0.0000249 seconds
2019-04-09T16:59:08.254+0800: 15.991: Total time for which application threads were stopped: 0.0000550 seconds, Stopping threads took: 0.0000189 seconds
2019-04-09T16:59:08.258+0800: 15.995: Total time for which application threads were stopped: 0.0000616 seconds, Stopping threads took: 0.0000216 seconds
2019-04-09T16:59:08.259+0800: 15.996: Total time for which application threads were stopped: 0.0000571 seconds, Stopping threads took: 0.0000201 seconds
2019-04-09T16:59:08.277+0800: 16.014: Total time for which application threads were stopped: 0.0001259 seconds, Stopping threads took: 0.0000463 seconds
2019-04-09T16:59:08.278+0800: 16.015: Total time for which application threads were stopped: 0.0000604 seconds, Stopping threads took: 0.0000201 seconds
2019-04-09T16:59:08.278+0800: 16.015: Total time for which application threads were stopped: 0.0000505 seconds, Stopping threads took: 0.0000195 seconds
2019-04-09T16:59:08.278+0800: 16.016: Total time for which application threads were stopped: 0.0000463 seconds, Stopping threads took: 0.0000159 seconds
2019-04-09T16:59:08.286+0800: 16.023: Total time for which application threads were stopped: 0.0000700 seconds, Stopping threads took: 0.0000222 seconds
2019-04-09T16:59:08.286+0800: 16.023: Total time for which application threads were stopped: 0.0000790 seconds, Stopping threads took: 0.0000150 seconds
2019-04-09T16:59:08.348+0800: 16.085: Total time for which application threads were stopped: 0.0002821 seconds, Stopping threads took: 0.0000210 seconds
2019-04-09T16:59:08.351+0800: 16.088: Total time for which application threads were stopped: 0.0000598 seconds, Stopping threads took: 0.0000174 seconds
2019-04-09T16:59:08.352+0800: 16.088: Total time for which application threads were stopped: 0.0000424 seconds, Stopping threads took: 0.0000111 seconds
2019-04-09T16:59:08.352+0800: 16.088: Total time for which application threads were stopped: 0.0000403 seconds, Stopping threads took: 0.0000108 seconds
2019-04-09T16:59:08.352+0800: 16.089: Total time for which application threads were stopped: 0.0000403 seconds, Stopping threads took: 0.0000105 seconds
2019-04-09T16:59:08.354+0800: 16.091: Total time for which application threads were stopped: 0.0000508 seconds, Stopping threads took: 0.0000156 seconds
2019-04-09T16:59:08.355+0800: 16.092: Total time for which application threads were stopped: 0.0000532 seconds, Stopping threads took: 0.0000138 seconds
2019-04-09T16:59:08.355+0800: 16.092: Total time for which application threads were stopped: 0.0000415 seconds, Stopping threads took: 0.0000108 seconds
2019-04-09T16:59:08.355+0800: 16.092: Total time for which application threads were stopped: 0.0000334 seconds, Stopping threads took: 0.0000081 seconds
2019-04-09T16:59:08.356+0800: 16.092: Total time for which application threads were stopped: 0.0000430 seconds, Stopping threads took: 0.0000111 seconds
2019-04-09T16:59:08.368+0800: 16.104: Total time for which application threads were stopped: 0.0000670 seconds, Stopping threads took: 0.0000204 seconds
2019-04-09T16:59:08.368+0800: 16.104: Total time for which application threads were stopped: 0.0000352 seconds, Stopping threads took: 0.0000084 seconds
2019-04-09T16:59:08.368+0800: 16.105: Total time for which application threads were stopped: 0.0000460 seconds, Stopping threads took: 0.0000129 seconds
2019-04-09T16:59:08.368+0800: 16.105: Total time for which application threads were stopped: 0.0000526 seconds, Stopping threads took: 0.0000186 seconds
2019-04-09T16:59:08.370+0800: 16.107: Total time for which application threads were stopped: 0.0000595 seconds, Stopping threads took: 0.0000156 seconds
2019-04-09T16:59:08.370+0800: 16.107: Total time for which application threads were stopped: 0.0000481 seconds, Stopping threads took: 0.0000114 seconds
2019-04-09T16:59:08.370+0800: 16.107: Total time for which application threads were stopped: 0.0000337 seconds, Stopping threads took: 0.0000084 seconds
2019-04-09T16:59:08.370+0800: 16.107: Total time for which application threads were stopped: 0.0000418 seconds, Stopping threads took: 0.0000108 seconds
2019-04-09T16:59:08.610+0800: 16.348: Total time for which application threads were stopped: 0.0000721 seconds, Stopping threads took: 0.0000237 seconds
2019-04-09T16:59:08.610+0800: 16.348: Total time for which application threads were stopped: 0.0000346 seconds, Stopping threads took: 0.0000093 seconds
2019-04-09T16:59:08.612+0800: 16.349: Total time for which application threads were stopped: 0.0000424 seconds, Stopping threads took: 0.0000117 seconds
2019-04-09T16:59:08.636+0800: 16.373: Total time for which application threads were stopped: 0.0000613 seconds, Stopping threads took: 0.0000177 seconds
2019-04-09T16:59:08.651+0800: 16.388: Total time for which application threads were stopped: 0.0000757 seconds, Stopping threads took: 0.0000294 seconds
2019-04-09T16:59:08.651+0800: 16.388: Total time for which application threads were stopped: 0.0000370 seconds, Stopping threads took: 0.0000093 seconds
2019-04-09T16:59:08.651+0800: 16.388: Total time for which application threads were stopped: 0.0000249 seconds, Stopping threads took: 0.0000060 seconds
2019-04-09T16:59:08.653+0800: 16.390: Total time for which application threads were stopped: 0.0000484 seconds, Stopping threads took: 0.0000147 seconds
2019-04-09T16:59:08.653+0800: 16.391: Total time for which application threads were stopped: 0.0000619 seconds, Stopping threads took: 0.0000261 seconds
2019-04-09T16:59:08.654+0800: 16.391: Total time for which application threads were stopped: 0.0000322 seconds, Stopping threads took: 0.0000096 seconds
2019-04-09T16:59:09.464+0800: 17.201: Total time for which application threads were stopped: 0.0000490 seconds, Stopping threads took: 0.0000186 seconds
2019-04-09T16:59:09.464+0800: 17.201: Total time for which application threads were stopped: 0.0000270 seconds, Stopping threads took: 0.0000090 seconds
2019-04-09T16:59:09.464+0800: 17.201: Total time for which application threads were stopped: 0.0000270 seconds, Stopping threads took: 0.0000090 seconds
2019-04-09T16:59:09.464+0800: 17.201: Total time for which application threads were stopped: 0.0000267 seconds, Stopping threads took: 0.0000087 seconds
2019-04-09T16:59:09.465+0800: 17.202: Total time for which application threads were stopped: 0.0000643 seconds, Stopping threads took: 0.0000123 seconds
2019-04-09T16:59:09.465+0800: 17.202: Total time for which application threads were stopped: 0.0000352 seconds, Stopping threads took: 0.0000108 seconds
2019-04-09T16:59:09.465+0800: 17.202: Total time for which application threads were stopped: 0.0000556 seconds, Stopping threads took: 0.0000069 seconds
2019-04-09T16:59:09.467+0800: 17.205: Total time for which application threads were stopped: 0.0000613 seconds, Stopping threads took: 0.0000174 seconds
2019-04-09T16:59:09.470+0800: 17.207: Total time for which application threads were stopped: 0.0000403 seconds, Stopping threads took: 0.0000153 seconds
2019-04-09T16:59:09.472+0800: 17.209: Total time for which application threads were stopped: 0.0000370 seconds, Stopping threads took: 0.0000117 seconds
2019-04-09T16:59:09.480+0800: 17.217: Total time for which application threads were stopped: 0.0000583 seconds, Stopping threads took: 0.0000303 seconds
2019-04-09T16:59:09.482+0800: 17.219: Total time for which application threads were stopped: 0.0000646 seconds, Stopping threads took: 0.0000198 seconds
2019-04-09T16:59:09.488+0800: 17.225: Total time for which application threads were stopped: 0.0000568 seconds, Stopping threads took: 0.0000204 seconds
2019-04-09T16:59:09.489+0800: 17.226: Total time for which application threads were stopped: 0.0000490 seconds, Stopping threads took: 0.0000150 seconds
2019-04-09T16:59:09.490+0800: 17.227: Total time for which application threads were stopped: 0.0000370 seconds, Stopping threads took: 0.0000129 seconds
2019-04-09T16:59:09.491+0800: 17.228: Total time for which application threads were stopped: 0.0002232 seconds, Stopping threads took: 0.0000093 seconds
2019-04-09T16:59:09.498+0800: 17.235: Total time for which application threads were stopped: 0.0000568 seconds, Stopping threads took: 0.0000243 seconds
2019-04-09T16:59:09.504+0800: 17.242: Total time for which application threads were stopped: 0.0001577 seconds, Stopping threads took: 0.0001037 seconds
2019-04-09T16:59:09.505+0800: 17.242: [CMS-concurrent-abortable-preclean: 1.242/5.776 secs] [Times: user=2.25 sys=0.28, real=5.78 secs] 
2019-04-09T16:59:09.505+0800: 17.242: [GC (CMS Final Remark) [YG occupancy: 57957 K (109248 K)]{Heap before GC invocations=2 (full 1):
 par new generation   total 109248K, used 57957K [0x11a00000, 0x19a00000, 0x19a00000)
  eden space 87424K,  51% used [0x11a00000, 0x1458dbf8, 0x16f60000)
  from space 21824K,  61% used [0x16f60000, 0x17c6bae8, 0x184b0000)
  to   space 21824K,   0% used [0x184b0000, 0x184b0000, 0x19a00000)
 concurrent mark-sweep generation total 393216K, used 0K [0x19a00000, 0x31a00000, 0x31a00000)
 Metaspace       used 18598K, capacity 19195K, committed 19328K, reserved 19840K
2019-04-09T16:59:09.505+0800: 17.242: [GC (CMS Final Remark) 2019-04-09T16:59:09.505+0800: 17.242: [ParNew
Desired survivor size 20112996 bytes, new threshold 8 (max 8)
- age   1:    3455776 bytes,    3455776 total
- age   2:    2547880 bytes,    6003656 total
- age   3:    4499152 bytes,   10502808 total
: 57957K->15902K(109248K), 0.0068519 secs] 57957K->15902K(502464K), 0.0068877 secs] [Times: user=0.00 sys=0.00, real=0.01 secs] 
Heap after GC invocations=3 (full 1):
 par new generation   total 109248K, used 15902K [0x11a00000, 0x19a00000, 0x19a00000)
  eden space 87424K,   0% used [0x11a00000, 0x11a00000, 0x16f60000)
  from space 21824K,  72% used [0x184b0000, 0x19437970, 0x19a00000)
  to   space 21824K,   0% used [0x16f60000, 0x16f60000, 0x184b0000)
 concurrent mark-sweep generation total 393216K, used 0K [0x19a00000, 0x31a00000, 0x31a00000)
 Metaspace       used 18598K, capacity 19195K, committed 19328K, reserved 19840K
}
2019-04-09T16:59:09.512+0800: 17.249: [Rescan (parallel) , 0.0027051 secs]2019-04-09T16:59:09.514+0800: 17.252: [weak refs processing, 0.0008530 secs]2019-04-09T16:59:09.515+0800: 17.252: [class unloading, 0.0027448 secs]2019-04-09T16:59:09.518+0800: 17.255: [scrub symbol table, 0.0020877 secs]2019-04-09T16:59:09.520+0800: 17.257: [scrub string table, 0.0001061 secs][1 CMS-remark: 0K(393216K)] 15902K(502464K), 0.0162130 secs] [Times: user=0.01 sys=0.00, real=0.02 secs] 
2019-04-09T16:59:09.521+0800: 17.258: Total time for which application threads were stopped: 0.0163642 seconds, Stopping threads took: 0.0000940 seconds
2019-04-09T16:59:09.521+0800: 17.258: [CMS-concurrent-sweep-start]
2019-04-09T16:59:09.521+0800: 17.258: [CMS-concurrent-sweep: 0.000/0.000 secs] [Times: user=0.00 sys=0.00, real=0.00 secs] 
2019-04-09T16:59:09.521+0800: 17.258: [CMS-concurrent-reset-start]
2019-04-09T16:59:09.522+0800: 17.259: Total time for which application threads were stopped: 0.0001124 seconds, Stopping threads took: 0.0000658 seconds
2019-04-09T16:59:09.523+0800: 17.260: Total time for which application threads were stopped: 0.0000409 seconds, Stopping threads took: 0.0000144 seconds
2019-04-09T16:59:09.523+0800: 17.260: Total time for which application threads were stopped: 0.0000511 seconds, Stopping threads took: 0.0000141 seconds
2019-04-09T16:59:09.524+0800: 17.262: Total time for which application threads were stopped: 0.0000517 seconds, Stopping threads took: 0.0000150 seconds
2019-04-09T16:59:09.525+0800: 17.262: Total time for which application threads were stopped: 0.0000880 seconds, Stopping threads took: 0.0000625 seconds
2019-04-09T16:59:09.525+0800: 17.262: [CMS-concurrent-reset: 0.004/0.004 secs] [Times: user=0.00 sys=0.00, real=0.00 secs] 
2019-04-09T16:59:09.526+0800: 17.263: Total time for which application threads were stopped: 0.0000391 seconds, Stopping threads took: 0.0000207 seconds
2019-04-09T16:59:09.526+0800: 17.263: Total time for which application threads were stopped: 0.0000685 seconds, Stopping threads took: 0.0000096 seconds
2019-04-09T16:59:09.535+0800: 17.272: Total time for which application threads were stopped: 0.0000607 seconds, Stopping threads took: 0.0000288 seconds
2019-04-09T16:59:09.547+0800: 17.284: Total time for which application threads were stopped: 0.0000493 seconds, Stopping threads took: 0.0000177 seconds
2019-04-09T16:59:09.547+0800: 17.284: Total time for which application threads were stopped: 0.0000303 seconds, Stopping threads took: 0.0000102 seconds
2019-04-09T16:59:09.547+0800: 17.284: Total time for which application threads were stopped: 0.0000294 seconds, Stopping threads took: 0.0000096 seconds
2019-04-09T16:59:09.547+0800: 17.284: Total time for which application threads were stopped: 0.0000303 seconds, Stopping threads took: 0.0000093 seconds
2019-04-09T16:59:09.548+0800: 17.285: Total time for which application threads were stopped: 0.0000745 seconds, Stopping threads took: 0.0000273 seconds
2019-04-09T16:59:09.548+0800: 17.285: Total time for which application threads were stopped: 0.0000421 seconds, Stopping threads took: 0.0000153 seconds
2019-04-09T16:59:09.549+0800: 17.286: Total time for which application threads were stopped: 0.0000817 seconds, Stopping threads took: 0.0000466 seconds
2019-04-09T16:59:09.549+0800: 17.286: Total time for which application threads were stopped: 0.0000415 seconds, Stopping threads took: 0.0000111 seconds
2019-04-09T16:59:09.598+0800: 17.335: Total time for which application threads were stopped: 0.0000694 seconds, Stopping threads took: 0.0000174 seconds
2019-04-09T16:59:09.598+0800: 17.335: Total time for which application threads were stopped: 0.0000433 seconds, Stopping threads took: 0.0000111 seconds
2019-04-09T16:59:09.598+0800: 17.335: Total time for which application threads were stopped: 0.0000403 seconds, Stopping threads took: 0.0000099 seconds
2019-04-09T16:59:09.612+0800: 17.349: Total time for which application threads were stopped: 0.0000478 seconds, Stopping threads took: 0.0000207 seconds
2019-04-09T16:59:09.650+0800: 17.387: Total time for which application threads were stopped: 0.0000562 seconds, Stopping threads took: 0.0000189 seconds
2019-04-09T16:59:09.653+0800: 17.390: Total time for which application threads were stopped: 0.0000400 seconds, Stopping threads took: 0.0000126 seconds
2019-04-09T16:59:09.653+0800: 17.390: Total time for which application threads were stopped: 0.0000306 seconds, Stopping threads took: 0.0000093 seconds
2019-04-09T16:59:09.653+0800: 17.390: Total time for which application threads were stopped: 0.0000228 seconds, Stopping threads took: 0.0000066 seconds
2019-04-09T16:59:09.654+0800: 17.390: Total time for which application threads were stopped: 0.0000334 seconds, Stopping threads took: 0.0000102 seconds
2019-04-09T16:59:09.684+0800: 17.421: Total time for which application threads were stopped: 0.0000757 seconds, Stopping threads took: 0.0000297 seconds
2019-04-09T16:59:09.685+0800: 17.421: Total time for which application threads were stopped: 0.0000442 seconds, Stopping threads took: 0.0000159 seconds
2019-04-09T16:59:09.685+0800: 17.421: Total time for which application threads were stopped: 0.0000270 seconds, Stopping threads took: 0.0000087 seconds
2019-04-09T16:59:09.685+0800: 17.421: Total time for which application threads were stopped: 0.0000409 seconds, Stopping threads took: 0.0000174 seconds
2019-04-09T16:59:09.685+0800: 17.421: Total time for which application threads were stopped: 0.0000388 seconds, Stopping threads took: 0.0000204 seconds
2019-04-09T16:59:09.685+0800: 17.421: Total time for which application threads were stopped: 0.0000358 seconds, Stopping threads took: 0.0000183 seconds
2019-04-09T16:59:09.685+0800: 17.422: Total time for which application threads were stopped: 0.0000478 seconds, Stopping threads took: 0.0000117 seconds
2019-04-09T16:59:12.770+0800: 20.508: Total time for which application threads were stopped: 0.0001106 seconds, Stopping threads took: 0.0000727 seconds
2019-04-09T16:59:12.770+0800: 20.508: Total time for which application threads were stopped: 0.0000445 seconds, Stopping threads took: 0.0000117 seconds
2019-04-09T16:59:12.771+0800: 20.508: Total time for which application threads were stopped: 0.0000331 seconds, Stopping threads took: 0.0000063 seconds
2019-04-09T16:59:12.771+0800: 20.508: Total time for which application threads were stopped: 0.0000207 seconds, Stopping threads took: 0.0000060 seconds
2019-04-09T16:59:12.825+0800: 20.562: Total time for which application threads were stopped: 0.0000463 seconds, Stopping threads took: 0.0000174 seconds
2019-04-09T16:59:12.825+0800: 20.562: Total time for which application threads were stopped: 0.0000334 seconds, Stopping threads took: 0.0000069 seconds
2019-04-09T16:59:12.825+0800: 20.562: Total time for which application threads were stopped: 0.0000309 seconds, Stopping threads took: 0.0000060 seconds
2019-04-09T16:59:12.825+0800: 20.562: Total time for which application threads were stopped: 0.0000198 seconds, Stopping threads took: 0.0000054 seconds
2019-04-09T16:59:12.836+0800: 20.573: Total time for which application threads were stopped: 0.0000649 seconds, Stopping threads took: 0.0000328 seconds
2019-04-09T16:59:12.836+0800: 20.573: Total time for which application threads were stopped: 0.0000787 seconds, Stopping threads took: 0.0000520 seconds
2019-04-09T16:59:12.836+0800: 20.573: Total time for which application threads were stopped: 0.0000240 seconds, Stopping threads took: 0.0000090 seconds
2019-04-09T16:59:12.836+0800: 20.573: Total time for which application threads were stopped: 0.0000276 seconds, Stopping threads took: 0.0000078 seconds
2019-04-09T16:59:12.862+0800: 20.599: Total time for which application threads were stopped: 0.0000508 seconds, Stopping threads took: 0.0000201 seconds
2019-04-09T16:59:12.862+0800: 20.599: Total time for which application threads were stopped: 0.0000303 seconds, Stopping threads took: 0.0000114 seconds
2019-04-09T16:59:12.862+0800: 20.599: Total time for which application threads were stopped: 0.0000349 seconds, Stopping threads took: 0.0000081 seconds
2019-04-09T16:59:12.862+0800: 20.599: Total time for which application threads were stopped: 0.0000300 seconds, Stopping threads took: 0.0000114 seconds
2019-04-09T16:59:12.863+0800: 20.600: Total time for which application threads were stopped: 0.0000279 seconds, Stopping threads took: 0.0000090 seconds
2019-04-09T16:59:12.863+0800: 20.600: Total time for which application threads were stopped: 0.0000424 seconds, Stopping threads took: 0.0000090 seconds
2019-04-09T16:59:12.863+0800: 20.600: Total time for which application threads were stopped: 0.0000421 seconds, Stopping threads took: 0.0000237 seconds
2019-04-09T16:59:12.863+0800: 20.600: Total time for which application threads were stopped: 0.0000294 seconds, Stopping threads took: 0.0000099 seconds
2019-04-09T16:59:12.964+0800: 20.701: Total time for which application threads were stopped: 0.0003125 seconds, Stopping threads took: 0.0000240 seconds
2019-04-09T16:59:12.979+0800: 20.716: Total time for which application threads were stopped: 0.0002942 seconds, Stopping threads took: 0.0000294 seconds
2019-04-09T16:59:13.004+0800: 20.741: Total time for which application threads were stopped: 0.0000580 seconds, Stopping threads took: 0.0000222 seconds
2019-04-09T16:59:13.004+0800: 20.741: Total time for which application threads were stopped: 0.0000610 seconds, Stopping threads took: 0.0000084 seconds
2019-04-09T16:59:13.004+0800: 20.741: Total time for which application threads were stopped: 0.0000219 seconds, Stopping threads took: 0.0000084 seconds
2019-04-09T16:59:13.004+0800: 20.741: Total time for which application threads were stopped: 0.0000213 seconds, Stopping threads took: 0.0000072 seconds
2019-04-09T16:59:13.031+0800: 20.769: Total time for which application threads were stopped: 0.0000661 seconds, Stopping threads took: 0.0000195 seconds
{Heap before GC invocations=3 (full 1):
 par new generation   total 109248K, used 103326K [0x11a00000, 0x19a00000, 0x19a00000)
  eden space 87424K, 100% used [0x11a00000, 0x16f60000, 0x16f60000)
  from space 21824K,  72% used [0x184b0000, 0x19437970, 0x19a00000)
  to   space 21824K,   0% used [0x16f60000, 0x16f60000, 0x184b0000)
 concurrent mark-sweep generation total 393216K, used 0K [0x19a00000, 0x31a00000, 0x31a00000)
 Metaspace       used 20399K, capacity 20985K, committed 20992K, reserved 21888K
2019-04-09T16:59:13.063+0800: 20.800: [GC (Allocation Failure) 2019-04-09T16:59:13.063+0800: 20.800: [ParNew
Desired survivor size 20112996 bytes, new threshold 8 (max 8)
- age   1:    4143272 bytes,    4143272 total
- age   2:    1401688 bytes,    5544960 total
- age   3:    2515224 bytes,    8060184 total
- age   4:    4490704 bytes,   12550888 total
: 103326K->14635K(109248K), 0.0059099 secs] 103326K->14635K(502464K), 0.0059739 secs] [Times: user=0.00 sys=0.00, real=0.01 secs] 
Heap after GC invocations=4 (full 1):
 par new generation   total 109248K, used 14635K [0x11a00000, 0x19a00000, 0x19a00000)
  eden space 87424K,   0% used [0x11a00000, 0x11a00000, 0x16f60000)
  from space 21824K,  67% used [0x16f60000, 0x17daae90, 0x184b0000)
  to   space 21824K,   0% used [0x184b0000, 0x184b0000, 0x19a00000)
 concurrent mark-sweep generation total 393216K, used 0K [0x19a00000, 0x31a00000, 0x31a00000)
 Metaspace       used 20399K, capacity 20985K, committed 20992K, reserved 21888K
}
2019-04-09T16:59:13.069+0800: 20.806: Total time for which application threads were stopped: 0.0061100 seconds, Stopping threads took: 0.0000177 seconds
2019-04-09T16:59:13.070+0800: 20.807: Total time for which application threads were stopped: 0.0001019 seconds, Stopping threads took: 0.0000198 seconds
2019-04-09T16:59:13.078+0800: 20.815: Total time for which application threads were stopped: 0.0000532 seconds, Stopping threads took: 0.0000228 seconds
2019-04-09T16:59:13.078+0800: 20.816: Total time for which application threads were stopped: 0.0000397 seconds, Stopping threads took: 0.0000162 seconds
2019-04-09T16:59:13.079+0800: 20.816: Total time for which application threads were stopped: 0.0000315 seconds, Stopping threads took: 0.0000117 seconds
2019-04-09T16:59:13.080+0800: 20.817: Total time for which application threads were stopped: 0.0000460 seconds, Stopping threads took: 0.0000228 seconds
2019-04-09T16:59:13.080+0800: 20.817: Total time for which application threads were stopped: 0.0000343 seconds, Stopping threads took: 0.0000174 seconds
2019-04-09T16:59:13.080+0800: 20.818: Total time for which application threads were stopped: 0.0000529 seconds, Stopping threads took: 0.0000322 seconds
2019-04-09T16:59:13.081+0800: 20.818: Total time for which application threads were stopped: 0.0000469 seconds, Stopping threads took: 0.0000129 seconds
2019-04-09T16:59:13.082+0800: 20.819: Total time for which application threads were stopped: 0.0000490 seconds, Stopping threads took: 0.0000234 seconds
2019-04-09T16:59:13.082+0800: 20.819: Total time for which application threads were stopped: 0.0000403 seconds, Stopping threads took: 0.0000201 seconds
2019-04-09T16:59:13.082+0800: 20.819: Total time for which application threads were stopped: 0.0000249 seconds, Stopping threads took: 0.0000087 seconds
2019-04-09T16:59:13.082+0800: 20.820: Total time for which application threads were stopped: 0.0000246 seconds, Stopping threads took: 0.0000093 seconds
2019-04-09T16:59:13.082+0800: 20.820: Total time for which application threads were stopped: 0.0000306 seconds, Stopping threads took: 0.0000144 seconds
2019-04-09T16:59:13.082+0800: 20.820: Total time for which application threads were stopped: 0.0000349 seconds, Stopping threads took: 0.0000180 seconds
2019-04-09T16:59:13.083+0800: 20.820: Total time for which application threads were stopped: 0.0000294 seconds, Stopping threads took: 0.0000114 seconds
2019-04-09T16:59:13.083+0800: 20.820: Total time for which application threads were stopped: 0.0000231 seconds, Stopping threads took: 0.0000084 seconds
2019-04-09T16:59:13.084+0800: 20.821: Total time for which application threads were stopped: 0.0000562 seconds, Stopping threads took: 0.0000192 seconds
2019-04-09T16:59:13.088+0800: 20.825: Total time for which application threads were stopped: 0.0000559 seconds, Stopping threads took: 0.0000213 seconds
2019-04-09T16:59:13.088+0800: 20.825: Total time for which application threads were stopped: 0.0000382 seconds, Stopping threads took: 0.0000144 seconds
2019-04-09T16:59:13.089+0800: 20.827: Total time for which application threads were stopped: 0.0000793 seconds, Stopping threads took: 0.0000150 seconds
2019-04-09T16:59:13.090+0800: 20.827: Total time for which application threads were stopped: 0.0000337 seconds, Stopping threads took: 0.0000126 seconds
2019-04-09T16:59:13.125+0800: 20.862: Total time for which application threads were stopped: 0.0000538 seconds, Stopping threads took: 0.0000186 seconds
2019-04-09T16:59:13.194+0800: 20.932: Total time for which application threads were stopped: 0.0000658 seconds, Stopping threads took: 0.0000213 seconds
{Heap before GC invocations=4 (full 1):
 par new generation   total 109248K, used 102059K [0x11a00000, 0x19a00000, 0x19a00000)
  eden space 87424K, 100% used [0x11a00000, 0x16f60000, 0x16f60000)
  from space 21824K,  67% used [0x16f60000, 0x17daae90, 0x184b0000)
  to   space 21824K,   0% used [0x184b0000, 0x184b0000, 0x19a00000)
 concurrent mark-sweep generation total 393216K, used 0K [0x19a00000, 0x31a00000, 0x31a00000)
 Metaspace       used 20971K, capacity 21576K, committed 21632K, reserved 21888K
2019-04-09T16:59:13.215+0800: 20.952: [GC (Allocation Failure) 2019-04-09T16:59:13.215+0800: 20.952: [ParNew
Desired survivor size 20112996 bytes, new threshold 8 (max 8)
- age   1:    1359648 bytes,    1359648 total
- age   2:    1240440 bytes,    2600088 total
- age   3:    1401024 bytes,    4001112 total
- age   4:    2514816 bytes,    6515928 total
- age   5:    4490736 bytes,   11006664 total
: 102059K->15458K(109248K), 0.0059171 secs] 102059K->15458K(502464K), 0.0059805 secs] [Times: user=0.06 sys=0.00, real=0.01 secs] 
Heap after GC invocations=5 (full 1):
 par new generation   total 109248K, used 15458K [0x11a00000, 0x19a00000, 0x19a00000)
  eden space 87424K,   0% used [0x11a00000, 0x11a00000, 0x16f60000)
  from space 21824K,  70% used [0x184b0000, 0x193c8900, 0x19a00000)
  to   space 21824K,   0% used [0x16f60000, 0x16f60000, 0x184b0000)
 concurrent mark-sweep generation total 393216K, used 0K [0x19a00000, 0x31a00000, 0x31a00000)
 Metaspace       used 20971K, capacity 21576K, committed 21632K, reserved 21888K
}
2019-04-09T16:59:13.221+0800: 20.958: Total time for which application threads were stopped: 0.0061140 seconds, Stopping threads took: 0.0000225 seconds
2019-04-09T16:59:13.340+0800: 21.076: Total time for which application threads were stopped: 0.0000586 seconds, Stopping threads took: 0.0000189 seconds
2019-04-09T16:59:13.343+0800: 21.080: Total time for which application threads were stopped: 0.0001067 seconds, Stopping threads took: 0.0000733 seconds
2019-04-09T16:59:13.347+0800: 21.084: Total time for which application threads were stopped: 0.0000439 seconds, Stopping threads took: 0.0000150 seconds
2019-04-09T16:59:13.348+0800: 21.084: Total time for which application threads were stopped: 0.0000358 seconds, Stopping threads took: 0.0000117 seconds
2019-04-09T16:59:13.421+0800: 21.157: Total time for which application threads were stopped: 0.0000565 seconds, Stopping threads took: 0.0000255 seconds
2019-04-09T16:59:13.484+0800: 21.221: Total time for which application threads were stopped: 0.0002812 seconds, Stopping threads took: 0.0000171 seconds
{Heap before GC invocations=5 (full 1):
 par new generation   total 109248K, used 102882K [0x11a00000, 0x19a00000, 0x19a00000)
  eden space 87424K, 100% used [0x11a00000, 0x16f60000, 0x16f60000)
  from space 21824K,  70% used [0x184b0000, 0x193c8900, 0x19a00000)
  to   space 21824K,   0% used [0x16f60000, 0x16f60000, 0x184b0000)
 concurrent mark-sweep generation total 393216K, used 0K [0x19a00000, 0x31a00000, 0x31a00000)
 Metaspace       used 22398K, capacity 23031K, committed 23168K, reserved 23936K
2019-04-09T16:59:13.788+0800: 21.525: [GC (Allocation Failure) 2019-04-09T16:59:13.788+0800: 21.526: [ParNew
Desired survivor size 20112996 bytes, new threshold 8 (max 8)
- age   1:    2463440 bytes,    2463440 total
- age   2:     290632 bytes,    2754072 total
- age   3:     694112 bytes,    3448184 total
- age   4:    1397456 bytes,    4845640 total
- age   5:    2513816 bytes,    7359456 total
- age   6:    4490872 bytes,   11850328 total
: 102882K->16517K(109248K), 0.0063177 secs] 102882K->16517K(502464K), 0.0063754 secs] [Times: user=0.00 sys=0.00, real=0.01 secs] 
Heap after GC invocations=6 (full 1):
 par new generation   total 109248K, used 16517K [0x11a00000, 0x19a00000, 0x19a00000)
  eden space 87424K,   0% used [0x11a00000, 0x11a00000, 0x16f60000)
  from space 21824K,  75% used [0x16f60000, 0x17f81420, 0x184b0000)
  to   space 21824K,   0% used [0x184b0000, 0x184b0000, 0x19a00000)
 concurrent mark-sweep generation total 393216K, used 0K [0x19a00000, 0x31a00000, 0x31a00000)
 Metaspace       used 22398K, capacity 23031K, committed 23168K, reserved 23936K
}
2019-04-09T16:59:13.795+0800: 21.532: Total time for which application threads were stopped: 0.0065193 seconds, Stopping threads took: 0.0000180 seconds
2019-04-09T16:59:13.799+0800: 21.536: Total time for which application threads were stopped: 0.0000484 seconds, Stopping threads took: 0.0000189 seconds
2019-04-09T16:59:13.799+0800: 21.536: Total time for which application threads were stopped: 0.0000288 seconds, Stopping threads took: 0.0000117 seconds
2019-04-09T16:59:13.802+0800: 21.539: Total time for which application threads were stopped: 0.0000499 seconds, Stopping threads took: 0.0000201 seconds
2019-04-09T16:59:13.812+0800: 21.550: Total time for which application threads were stopped: 0.0002900 seconds, Stopping threads took: 0.0000180 seconds
2019-04-09T16:59:13.874+0800: 21.611: Total time for which application threads were stopped: 0.0000688 seconds, Stopping threads took: 0.0000282 seconds
2019-04-09T16:59:13.875+0800: 21.613: Total time for which application threads were stopped: 0.0000583 seconds, Stopping threads took: 0.0000231 seconds
2019-04-09T16:59:13.957+0800: 21.694: Total time for which application threads were stopped: 0.0000679 seconds, Stopping threads took: 0.0000337 seconds
2019-04-09T16:59:13.990+0800: 21.727: Total time for which application threads were stopped: 0.0000937 seconds, Stopping threads took: 0.0000234 seconds
2019-04-09T16:59:14.079+0800: 21.815: Total time for which application threads were stopped: 0.0000643 seconds, Stopping threads took: 0.0000213 seconds
2019-04-09T16:59:15.079+0800: 22.816: Total time for which application threads were stopped: 0.0000775 seconds, Stopping threads took: 0.0000261 seconds
{Heap before GC invocations=6 (full 1):
 par new generation   total 109248K, used 103941K [0x11a00000, 0x19a00000, 0x19a00000)
  eden space 87424K, 100% used [0x11a00000, 0x16f60000, 0x16f60000)
  from space 21824K,  75% used [0x16f60000, 0x17f81420, 0x184b0000)
  to   space 21824K,   0% used [0x184b0000, 0x184b0000, 0x19a00000)
 concurrent mark-sweep generation total 393216K, used 0K [0x19a00000, 0x31a00000, 0x31a00000)
 Metaspace       used 23857K, capacity 24514K, committed 24576K, reserved 24960K
2019-04-09T16:59:18.715+0800: 26.452: [GC (Allocation Failure) 2019-04-09T16:59:18.715+0800: 26.452: [ParNew
Desired survivor size 20112996 bytes, new threshold 8 (max 8)
- age   1:    3136496 bytes,    3136496 total
- age   2:     984016 bytes,    4120512 total
- age   3:     286360 bytes,    4406872 total
- age   4:     663416 bytes,    5070288 total
- age   5:    1394680 bytes,    6464968 total
- age   6:    2508632 bytes,    8973600 total
- age   7:    4484704 bytes,   13458304 total
: 103941K->16475K(109248K), 0.0083215 secs] 103941K->16475K(502464K), 0.0083876 secs] [Times: user=0.06 sys=0.00, real=0.01 secs] 
Heap after GC invocations=7 (full 1):
 par new generation   total 109248K, used 16475K [0x11a00000, 0x19a00000, 0x19a00000)
  eden space 87424K,   0% used [0x11a00000, 0x11a00000, 0x16f60000)
  from space 21824K,  75% used [0x184b0000, 0x194c6f10, 0x19a00000)
  to   space 21824K,   0% used [0x16f60000, 0x16f60000, 0x184b0000)
 concurrent mark-sweep generation total 393216K, used 0K [0x19a00000, 0x31a00000, 0x31a00000)
 Metaspace       used 23857K, capacity 24514K, committed 24576K, reserved 24960K
}
2019-04-09T16:59:18.724+0800: 26.460: Total time for which application threads were stopped: 0.0085303 seconds, Stopping threads took: 0.0000171 seconds
2019-04-09T16:59:18.823+0800: 26.560: Total time for which application threads were stopped: 0.0000724 seconds, Stopping threads took: 0.0000352 seconds
2019-04-09T16:59:18.828+0800: 26.565: Total time for which application threads were stopped: 0.0000832 seconds, Stopping threads took: 0.0000430 seconds
2019-04-09T16:59:18.974+0800: 26.710: Total time for which application threads were stopped: 0.0000703 seconds, Stopping threads took: 0.0000276 seconds
2019-04-09T16:59:19.647+0800: 27.383: Total time for which application threads were stopped: 0.0000634 seconds, Stopping threads took: 0.0000183 seconds
2019-04-09T16:59:19.693+0800: 27.430: Total time for which application threads were stopped: 0.0003107 seconds, Stopping threads took: 0.0000186 seconds
2019-04-09T16:59:19.727+0800: 27.464: Total time for which application threads were stopped: 0.0000547 seconds, Stopping threads took: 0.0000210 seconds
2019-04-09T16:59:19.756+0800: 27.493: Total time for which application threads were stopped: 0.0001355 seconds, Stopping threads took: 0.0000980 seconds
2019-04-09T16:59:19.756+0800: 27.493: Total time for which application threads were stopped: 0.0001163 seconds, Stopping threads took: 0.0000796 seconds
2019-04-09T16:59:19.756+0800: 27.493: Total time for which application threads were stopped: 0.0000667 seconds, Stopping threads took: 0.0000367 seconds
2019-04-09T16:59:19.756+0800: 27.493: Total time for which application threads were stopped: 0.0000397 seconds, Stopping threads took: 0.0000198 seconds
2019-04-09T16:59:34.086+0800: 41.823: Total time for which application threads were stopped: 0.0000538 seconds, Stopping threads took: 0.0000213 seconds
2019-04-09T16:59:34.087+0800: 41.824: Total time for which application threads were stopped: 0.0000496 seconds, Stopping threads took: 0.0000204 seconds
2019-04-09T16:59:34.088+0800: 41.825: Total time for which application threads were stopped: 0.0000781 seconds, Stopping threads took: 0.0000361 seconds
2019-04-09T16:59:34.089+0800: 41.826: Total time for which application threads were stopped: 0.0000955 seconds, Stopping threads took: 0.0000577 seconds
2019-04-09T16:59:34.089+0800: 41.827: Total time for which application threads were stopped: 0.0000541 seconds, Stopping threads took: 0.0000255 seconds
2019-04-09T16:59:34.090+0800: 41.827: Total time for which application threads were stopped: 0.0000697 seconds, Stopping threads took: 0.0000451 seconds
2019-04-09T16:59:34.090+0800: 41.827: Total time for which application threads were stopped: 0.0000346 seconds, Stopping threads took: 0.0000171 seconds
2019-04-09T16:59:34.090+0800: 41.827: Total time for which application threads were stopped: 0.0000562 seconds, Stopping threads took: 0.0000291 seconds
2019-04-09T16:59:34.090+0800: 41.827: Total time for which application threads were stopped: 0.0000481 seconds, Stopping threads took: 0.0000279 seconds
2019-04-09T16:59:34.114+0800: 41.851: Total time for which application threads were stopped: 0.0000514 seconds, Stopping threads took: 0.0000213 seconds
2019-04-09T16:59:34.156+0800: 41.893: Total time for which application threads were stopped: 0.0000586 seconds, Stopping threads took: 0.0000192 seconds
2019-04-09T16:59:34.157+0800: 41.894: Total time for which application threads were stopped: 0.0000607 seconds, Stopping threads took: 0.0000261 seconds
2019-04-09T16:59:34.158+0800: 41.895: Total time for which application threads were stopped: 0.0003269 seconds, Stopping threads took: 0.0002869 seconds
2019-04-09T16:59:34.159+0800: 41.896: Total time for which application threads were stopped: 0.0001055 seconds, Stopping threads took: 0.0000315 seconds
2019-04-09T16:59:34.951+0800: 42.688: Total time for which application threads were stopped: 0.0001106 seconds, Stopping threads took: 0.0000312 seconds
2019-04-09T16:59:34.951+0800: 42.689: Total time for which application threads were stopped: 0.0000634 seconds, Stopping threads took: 0.0000228 seconds
2019-04-09T16:59:34.951+0800: 42.689: Total time for which application threads were stopped: 0.0000412 seconds, Stopping threads took: 0.0000135 seconds
2019-04-09T16:59:34.951+0800: 42.689: Total time for which application threads were stopped: 0.0000469 seconds, Stopping threads took: 0.0000174 seconds
2019-04-09T16:59:34.951+0800: 42.689: Total time for which application threads were stopped: 0.0000508 seconds, Stopping threads took: 0.0000180 seconds
2019-04-09T16:59:34.952+0800: 42.689: Total time for which application threads were stopped: 0.0000649 seconds, Stopping threads took: 0.0000195 seconds
2019-04-09T16:59:34.952+0800: 42.689: Total time for which application threads were stopped: 0.0000514 seconds, Stopping threads took: 0.0000144 seconds
2019-04-09T16:59:34.952+0800: 42.690: Total time for which application threads were stopped: 0.0000583 seconds, Stopping threads took: 0.0000273 seconds
2019-04-09T16:59:34.952+0800: 42.690: Total time for which application threads were stopped: 0.0000445 seconds, Stopping threads took: 0.0000105 seconds
2019-04-09T16:59:34.952+0800: 42.690: Total time for which application threads were stopped: 0.0000478 seconds, Stopping threads took: 0.0000174 seconds
2019-04-09T16:59:34.952+0800: 42.690: Total time for which application threads were stopped: 0.0000370 seconds, Stopping threads took: 0.0000096 seconds
2019-04-09T16:59:34.953+0800: 42.690: Total time for which application threads were stopped: 0.0000463 seconds, Stopping threads took: 0.0000171 seconds
2019-04-09T16:59:34.953+0800: 42.690: Total time for which application threads were stopped: 0.0000571 seconds, Stopping threads took: 0.0000204 seconds
2019-04-09T16:59:35.954+0800: 43.691: Total time for which application threads were stopped: 0.0000655 seconds, Stopping threads took: 0.0000243 seconds
{Heap before GC invocations=7 (full 1):
 par new generation   total 109248K, used 103899K [0x11a00000, 0x19a00000, 0x19a00000)
  eden space 87424K, 100% used [0x11a00000, 0x16f60000, 0x16f60000)
  from space 21824K,  75% used [0x184b0000, 0x194c6f10, 0x19a00000)
  to   space 21824K,   0% used [0x16f60000, 0x16f60000, 0x184b0000)
 concurrent mark-sweep generation total 393216K, used 0K [0x19a00000, 0x31a00000, 0x31a00000)
 Metaspace       used 26618K, capacity 27325K, committed 27392K, reserved 28032K
2019-04-09T16:59:42.532+0800: 50.269: [GC (Allocation Failure) 2019-04-09T16:59:42.533+0800: 50.269: [ParNew
Desired survivor size 20112996 bytes, new threshold 8 (max 8)
- age   1:   11291080 bytes,   11291080 total
- age   2:     805296 bytes,   12096376 total
- age   3:     983072 bytes,   13079448 total
- age   4:     285960 bytes,   13365408 total
- age   5:     650888 bytes,   14016296 total
- age   6:    1344240 bytes,   15360536 total
- age   7:    2504456 bytes,   17864992 total
- age   8:    4471968 bytes,   22336960 total
: 103899K->21824K(109248K), 0.0149421 secs] 103899K->25106K(502464K), 0.0150664 secs] [Times: user=0.01 sys=0.00, real=0.02 secs] 
Heap after GC invocations=8 (full 1):
 par new generation   total 109248K, used 21824K [0x11a00000, 0x19a00000, 0x19a00000)
  eden space 87424K,   0% used [0x11a00000, 0x11a00000, 0x16f60000)
  from space 21824K, 100% used [0x16f60000, 0x184b0000, 0x184b0000)
  to   space 21824K,   0% used [0x184b0000, 0x184b0000, 0x19a00000)
 concurrent mark-sweep generation total 393216K, used 3282K [0x19a00000, 0x31a00000, 0x31a00000)
 Metaspace       used 26618K, capacity 27325K, committed 27392K, reserved 28032K
}
2019-04-09T16:59:42.548+0800: 50.284: Total time for which application threads were stopped: 0.0152254 seconds, Stopping threads took: 0.0000340 seconds
2019-04-09T16:59:42.548+0800: 50.285: Total time for which application threads were stopped: 0.0000721 seconds, Stopping threads took: 0.0000300 seconds
2019-04-09T16:59:42.555+0800: 50.291: Total time for which application threads were stopped: 0.0000526 seconds, Stopping threads took: 0.0000168 seconds
2019-04-09T16:59:42.562+0800: 50.299: Total time for which application threads were stopped: 0.0000574 seconds, Stopping threads took: 0.0000210 seconds
2019-04-09T16:59:42.562+0800: 50.299: Total time for which application threads were stopped: 0.0000349 seconds, Stopping threads took: 0.0000099 seconds
2019-04-09T16:59:42.572+0800: 50.309: Total time for which application threads were stopped: 0.0000490 seconds, Stopping threads took: 0.0000180 seconds
2019-04-09T16:59:42.572+0800: 50.309: Total time for which application threads were stopped: 0.0000297 seconds, Stopping threads took: 0.0000096 seconds
2019-04-09T16:59:42.575+0800: 50.312: Total time for which application threads were stopped: 0.0000814 seconds, Stopping threads took: 0.0000322 seconds
2019-04-09T16:59:42.575+0800: 50.312: Total time for which application threads were stopped: 0.0000667 seconds, Stopping threads took: 0.0000309 seconds
2019-04-09T16:59:42.581+0800: 50.318: Total time for which application threads were stopped: 0.0000622 seconds, Stopping threads took: 0.0000180 seconds
2019-04-09T16:59:42.581+0800: 50.318: Total time for which application threads were stopped: 0.0000862 seconds, Stopping threads took: 0.0000592 seconds
2019-04-09T16:59:42.582+0800: 50.319: Total time for which application threads were stopped: 0.0000424 seconds, Stopping threads took: 0.0000159 seconds
2019-04-09T16:59:42.582+0800: 50.319: Total time for which application threads were stopped: 0.0000403 seconds, Stopping threads took: 0.0000096 seconds
2019-04-09T16:59:42.582+0800: 50.319: Total time for which application threads were stopped: 0.0000496 seconds, Stopping threads took: 0.0000225 seconds
2019-04-09T16:59:42.582+0800: 50.319: Total time for which application threads were stopped: 0.0000631 seconds, Stopping threads took: 0.0000379 seconds
2019-04-09T16:59:42.589+0800: 50.326: Total time for which application threads were stopped: 0.0001037 seconds, Stopping threads took: 0.0000589 seconds
2019-04-09T16:59:42.589+0800: 50.326: Total time for which application threads were stopped: 0.0000331 seconds, Stopping threads took: 0.0000126 seconds
2019-04-09T16:59:42.608+0800: 50.345: Total time for which application threads were stopped: 0.0000550 seconds, Stopping threads took: 0.0000180 seconds
2019-04-09T16:59:42.608+0800: 50.345: Total time for which application threads were stopped: 0.0000300 seconds, Stopping threads took: 0.0000099 seconds
2019-04-09T16:59:42.609+0800: 50.347: Total time for which application threads were stopped: 0.0000318 seconds, Stopping threads took: 0.0000105 seconds
2019-04-09T16:59:42.609+0800: 50.347: Total time for which application threads were stopped: 0.0000291 seconds, Stopping threads took: 0.0000093 seconds
2019-04-09T16:59:42.614+0800: 50.351: Total time for which application threads were stopped: 0.0003870 seconds, Stopping threads took: 0.0000343 seconds
2019-04-09T16:59:42.617+0800: 50.354: Total time for which application threads were stopped: 0.0000724 seconds, Stopping threads took: 0.0000343 seconds
2019-04-09T16:59:42.618+0800: 50.355: Total time for which application threads were stopped: 0.0000610 seconds, Stopping threads took: 0.0000300 seconds
2019-04-09T16:59:42.618+0800: 50.355: Total time for which application threads were stopped: 0.0000379 seconds, Stopping threads took: 0.0000075 seconds
2019-04-09T16:59:42.667+0800: 50.404: Total time for which application threads were stopped: 0.0000745 seconds, Stopping threads took: 0.0000240 seconds
2019-04-09T16:59:42.667+0800: 50.404: Total time for which application threads were stopped: 0.0000934 seconds, Stopping threads took: 0.0000637 seconds
2019-04-09T16:59:42.667+0800: 50.404: Total time for which application threads were stopped: 0.0000448 seconds, Stopping threads took: 0.0000147 seconds
2019-04-09T16:59:42.667+0800: 50.404: Total time for which application threads were stopped: 0.0000273 seconds, Stopping threads took: 0.0000108 seconds
2019-04-09T16:59:42.674+0800: 50.411: Total time for which application threads were stopped: 0.0000508 seconds, Stopping threads took: 0.0000180 seconds
2019-04-09T16:59:42.674+0800: 50.411: Total time for which application threads were stopped: 0.0000315 seconds, Stopping threads took: 0.0000099 seconds
2019-04-09T16:59:43.674+0800: 51.411: Total time for which application threads were stopped: 0.0000974 seconds, Stopping threads took: 0.0000210 seconds
2019-04-09T17:00:07.994+0800: 75.731: Total time for which application threads were stopped: 0.0000958 seconds, Stopping threads took: 0.0000496 seconds
2019-04-09T17:00:08.008+0800: 75.745: Total time for which application threads were stopped: 0.0000559 seconds, Stopping threads took: 0.0000222 seconds
2019-04-09T17:00:08.022+0800: 75.759: Total time for which application threads were stopped: 0.0003299 seconds, Stopping threads took: 0.0000180 seconds
2019-04-09T17:00:08.030+0800: 75.767: Total time for which application threads were stopped: 0.0000580 seconds, Stopping threads took: 0.0000231 seconds
2019-04-09T17:00:09.030+0800: 76.767: Total time for which application threads were stopped: 0.0001295 seconds, Stopping threads took: 0.0000598 seconds
2019-04-09T17:00:19.177+0800: 86.915: Total time for which application threads were stopped: 0.0000772 seconds, Stopping threads took: 0.0000315 seconds
2019-04-09T17:00:20.178+0800: 87.914: Total time for which application threads were stopped: 0.0000733 seconds, Stopping threads took: 0.0000261 seconds
2019-04-09T17:01:08.202+0800: 135.939: Total time for which application threads were stopped: 0.0000568 seconds, Stopping threads took: 0.0000210 seconds
2019-04-09T17:01:34.216+0800: 161.953: Total time for which application threads were stopped: 0.0000649 seconds, Stopping threads took: 0.0000255 seconds
2019-04-09T17:01:34.709+0800: 162.446: Total time for which application threads were stopped: 0.0000748 seconds, Stopping threads took: 0.0000231 seconds
2019-04-09T17:01:34.709+0800: 162.446: Total time for which application threads were stopped: 0.0000415 seconds, Stopping threads took: 0.0000120 seconds
2019-04-09T17:01:34.709+0800: 162.446: Total time for which application threads were stopped: 0.0000379 seconds, Stopping threads took: 0.0000105 seconds
2019-04-09T17:01:34.709+0800: 162.446: Total time for which application threads were stopped: 0.0000370 seconds, Stopping threads took: 0.0000135 seconds
2019-04-09T17:01:34.709+0800: 162.446: Total time for which application threads were stopped: 0.0000352 seconds, Stopping threads took: 0.0000093 seconds
2019-04-09T17:01:34.709+0800: 162.446: Total time for which application threads were stopped: 0.0000541 seconds, Stopping threads took: 0.0000186 seconds
2019-04-09T17:01:34.710+0800: 162.447: Total time for which application threads were stopped: 0.0000940 seconds, Stopping threads took: 0.0000222 seconds
2019-04-09T17:01:35.710+0800: 163.447: Total time for which application threads were stopped: 0.0000715 seconds, Stopping threads took: 0.0000231 seconds
2019-04-09T17:01:36.640+0800: 164.376: Total time for which application threads were stopped: 0.0000778 seconds, Stopping threads took: 0.0000216 seconds
2019-04-09T17:01:36.640+0800: 164.377: Total time for which application threads were stopped: 0.0000616 seconds, Stopping threads took: 0.0000150 seconds
2019-04-09T17:01:36.640+0800: 164.377: Total time for which application threads were stopped: 0.0000309 seconds, Stopping threads took: 0.0000096 seconds
2019-04-09T17:01:36.640+0800: 164.377: Total time for which application threads were stopped: 0.0000445 seconds, Stopping threads took: 0.0000201 seconds
2019-04-09T17:01:36.640+0800: 164.377: Total time for which application threads were stopped: 0.0000340 seconds, Stopping threads took: 0.0000111 seconds
2019-04-09T17:01:36.640+0800: 164.377: Total time for which application threads were stopped: 0.0000355 seconds, Stopping threads took: 0.0000150 seconds
2019-04-09T17:01:36.640+0800: 164.377: Total time for which application threads were stopped: 0.0000379 seconds, Stopping threads took: 0.0000177 seconds
2019-04-09T17:01:36.644+0800: 164.381: Total time for which application threads were stopped: 0.0000736 seconds, Stopping threads took: 0.0000346 seconds
2019-04-09T17:01:36.644+0800: 164.381: Total time for which application threads were stopped: 0.0000331 seconds, Stopping threads took: 0.0000138 seconds
2019-04-09T17:01:36.645+0800: 164.381: Total time for which application threads were stopped: 0.0000270 seconds, Stopping threads took: 0.0000090 seconds
2019-04-09T17:01:36.645+0800: 164.381: Total time for which application threads were stopped: 0.0000355 seconds, Stopping threads took: 0.0000126 seconds
2019-04-09T17:01:36.645+0800: 164.381: Total time for which application threads were stopped: 0.0000222 seconds, Stopping threads took: 0.0000060 seconds
2019-04-09T17:01:36.645+0800: 164.381: Total time for which application threads were stopped: 0.0000237 seconds, Stopping threads took: 0.0000078 seconds
2019-04-09T17:01:37.645+0800: 165.382: Total time for which application threads were stopped: 0.0000685 seconds, Stopping threads took: 0.0000228 seconds
2019-04-09T17:01:38.554+0800: 166.291: Total time for which application threads were stopped: 0.0000718 seconds, Stopping threads took: 0.0000249 seconds
2019-04-09T17:01:39.555+0800: 167.292: Total time for which application threads were stopped: 0.0000628 seconds, Stopping threads took: 0.0000255 seconds
2019-04-09T17:01:58.323+0800: 186.060: Total time for which application threads were stopped: 0.0000556 seconds, Stopping threads took: 0.0000198 seconds
2019-04-09T17:01:58.324+0800: 186.061: Total time for which application threads were stopped: 0.0000346 seconds, Stopping threads took: 0.0000117 seconds
2019-04-09T17:01:58.325+0800: 186.062: Total time for which application threads were stopped: 0.0000300 seconds, Stopping threads took: 0.0000102 seconds
2019-04-09T17:01:58.325+0800: 186.062: Total time for which application threads were stopped: 0.0000216 seconds, Stopping threads took: 0.0000060 seconds
2019-04-09T17:01:58.325+0800: 186.062: Total time for which application threads were stopped: 0.0000328 seconds, Stopping threads took: 0.0000060 seconds
2019-04-09T17:01:58.326+0800: 186.063: Total time for which application threads were stopped: 0.0000361 seconds, Stopping threads took: 0.0000135 seconds
2019-04-09T17:01:58.326+0800: 186.063: Total time for which application threads were stopped: 0.0000328 seconds, Stopping threads took: 0.0000060 seconds
2019-04-09T17:01:58.330+0800: 186.067: Total time for which application threads were stopped: 0.0000493 seconds, Stopping threads took: 0.0000192 seconds
2019-04-09T17:01:58.333+0800: 186.070: Total time for which application threads were stopped: 0.0000526 seconds, Stopping threads took: 0.0000198 seconds
2019-04-09T17:01:58.340+0800: 186.077: Total time for which application threads were stopped: 0.0000646 seconds, Stopping threads took: 0.0000328 seconds
2019-04-09T17:01:58.342+0800: 186.079: Total time for which application threads were stopped: 0.0000577 seconds, Stopping threads took: 0.0000234 seconds
2019-04-09T17:01:58.342+0800: 186.079: Total time for which application threads were stopped: 0.0000412 seconds, Stopping threads took: 0.0000141 seconds
2019-04-09T17:01:58.351+0800: 186.088: Total time for which application threads were stopped: 0.0011280 seconds, Stopping threads took: 0.0010883 seconds
2019-04-09T17:01:58.352+0800: 186.089: Total time for which application threads were stopped: 0.0000838 seconds, Stopping threads took: 0.0000484 seconds
2019-04-09T17:01:58.410+0800: 186.146: Total time for which application threads were stopped: 0.0000968 seconds, Stopping threads took: 0.0000508 seconds
2019-04-09T17:01:58.410+0800: 186.146: Total time for which application threads were stopped: 0.0000601 seconds, Stopping threads took: 0.0000388 seconds
2019-04-09T17:01:58.410+0800: 186.147: Total time for which application threads were stopped: 0.0000625 seconds, Stopping threads took: 0.0000379 seconds
2019-04-09T17:01:58.414+0800: 186.151: Total time for which application threads were stopped: 0.0000919 seconds, Stopping threads took: 0.0000571 seconds
2019-04-09T17:01:58.414+0800: 186.151: Total time for which application threads were stopped: 0.0000676 seconds, Stopping threads took: 0.0000337 seconds
2019-04-09T17:01:58.415+0800: 186.151: Total time for which application threads were stopped: 0.0000679 seconds, Stopping threads took: 0.0000349 seconds
2019-04-09T17:01:58.428+0800: 186.164: Total time for which application threads were stopped: 0.0000940 seconds, Stopping threads took: 0.0000529 seconds
2019-04-09T17:01:58.428+0800: 186.164: Total time for which application threads were stopped: 0.0000466 seconds, Stopping threads took: 0.0000258 seconds
2019-04-09T17:01:58.428+0800: 186.165: Total time for which application threads were stopped: 0.0000694 seconds, Stopping threads took: 0.0000412 seconds
2019-04-09T17:01:58.429+0800: 186.166: Total time for which application threads were stopped: 0.0000622 seconds, Stopping threads took: 0.0000364 seconds
2019-04-09T17:01:58.429+0800: 186.166: Total time for which application threads were stopped: 0.0000418 seconds, Stopping threads took: 0.0000246 seconds
2019-04-09T17:01:58.429+0800: 186.166: Total time for which application threads were stopped: 0.0000424 seconds, Stopping threads took: 0.0000246 seconds
2019-04-09T17:01:58.429+0800: 186.166: Total time for which application threads were stopped: 0.0000604 seconds, Stopping threads took: 0.0000355 seconds
2019-04-09T17:01:58.429+0800: 186.166: Total time for which application threads were stopped: 0.0000565 seconds, Stopping threads took: 0.0000303 seconds
2019-04-09T17:01:58.429+0800: 186.166: Total time for which application threads were stopped: 0.0000466 seconds, Stopping threads took: 0.0000246 seconds
2019-04-09T17:01:58.429+0800: 186.166: Total time for which application threads were stopped: 0.0000472 seconds, Stopping threads took: 0.0000246 seconds
2019-04-09T17:01:58.430+0800: 186.166: Total time for which application threads were stopped: 0.0000412 seconds, Stopping threads took: 0.0000213 seconds
2019-04-09T17:01:58.430+0800: 186.166: Total time for which application threads were stopped: 0.0000412 seconds, Stopping threads took: 0.0000210 seconds
2019-04-09T17:01:58.430+0800: 186.167: Total time for which application threads were stopped: 0.0000532 seconds, Stopping threads took: 0.0000312 seconds
2019-04-09T17:01:58.430+0800: 186.167: Total time for which application threads were stopped: 0.0000922 seconds, Stopping threads took: 0.0000231 seconds
2019-04-09T17:01:58.430+0800: 186.167: Total time for which application threads were stopped: 0.0000478 seconds, Stopping threads took: 0.0000258 seconds
2019-04-09T17:01:58.430+0800: 186.167: Total time for which application threads were stopped: 0.0000442 seconds, Stopping threads took: 0.0000249 seconds
2019-04-09T17:01:58.430+0800: 186.167: Total time for which application threads were stopped: 0.0000403 seconds, Stopping threads took: 0.0000219 seconds
2019-04-09T17:01:58.430+0800: 186.167: Total time for which application threads were stopped: 0.0000418 seconds, Stopping threads took: 0.0000234 seconds
2019-04-09T17:01:58.431+0800: 186.167: Total time for which application threads were stopped: 0.0000430 seconds, Stopping threads took: 0.0000225 seconds
2019-04-09T17:01:58.431+0800: 186.167: Total time for which application threads were stopped: 0.0000562 seconds, Stopping threads took: 0.0000328 seconds
2019-04-09T17:01:58.601+0800: 186.338: Total time for which application threads were stopped: 0.0005030 seconds, Stopping threads took: 0.0000712 seconds
2019-04-09T17:01:59.602+0800: 187.339: Total time for which application threads were stopped: 0.0000955 seconds, Stopping threads took: 0.0000517 seconds
2019-04-09T17:02:01.290+0800: 189.027: Total time for which application threads were stopped: 0.0002704 seconds, Stopping threads took: 0.0002269 seconds
2019-04-09T17:02:02.291+0800: 190.028: Total time for which application threads were stopped: 0.0001082 seconds, Stopping threads took: 0.0000583 seconds
2019-04-09T17:02:07.703+0800: 195.439: Total time for which application threads were stopped: 0.0001286 seconds, Stopping threads took: 0.0000718 seconds
2019-04-09T17:02:07.703+0800: 195.440: Total time for which application threads were stopped: 0.0000865 seconds, Stopping threads took: 0.0000460 seconds
2019-04-09T17:02:07.703+0800: 195.440: Total time for which application threads were stopped: 0.0000694 seconds, Stopping threads took: 0.0000358 seconds
2019-04-09T17:02:07.703+0800: 195.440: Total time for which application threads were stopped: 0.0000505 seconds, Stopping threads took: 0.0000213 seconds
2019-04-09T17:02:07.704+0800: 195.440: Total time for which application threads were stopped: 0.0000550 seconds, Stopping threads took: 0.0000273 seconds
2019-04-09T17:02:07.705+0800: 195.442: Total time for which application threads were stopped: 0.0000916 seconds, Stopping threads took: 0.0000541 seconds
2019-04-09T17:02:07.705+0800: 195.442: Total time for which application threads were stopped: 0.0000574 seconds, Stopping threads took: 0.0000309 seconds
2019-04-09T17:02:07.705+0800: 195.442: Total time for which application threads were stopped: 0.0000529 seconds, Stopping threads took: 0.0000303 seconds
2019-04-09T17:02:07.706+0800: 195.442: Total time for which application threads were stopped: 0.0000493 seconds, Stopping threads took: 0.0000240 seconds
2019-04-09T17:02:07.708+0800: 195.444: Total time for which application threads were stopped: 0.0000898 seconds, Stopping threads took: 0.0000541 seconds
2019-04-09T17:02:07.708+0800: 195.444: Total time for which application threads were stopped: 0.0000583 seconds, Stopping threads took: 0.0000306 seconds
2019-04-09T17:02:07.708+0800: 195.444: Total time for which application threads were stopped: 0.0000526 seconds, Stopping threads took: 0.0000318 seconds
2019-04-09T17:02:07.708+0800: 195.445: Total time for which application threads were stopped: 0.0000493 seconds, Stopping threads took: 0.0000315 seconds
2019-04-09T17:02:07.734+0800: 195.470: Total time for which application threads were stopped: 0.0003717 seconds, Stopping threads took: 0.0003188 seconds
2019-04-09T17:02:07.734+0800: 195.470: Total time for which application threads were stopped: 0.0000436 seconds, Stopping threads took: 0.0000180 seconds
2019-04-09T17:02:07.734+0800: 195.470: Total time for which application threads were stopped: 0.0000643 seconds, Stopping threads took: 0.0000427 seconds
2019-04-09T17:02:07.750+0800: 195.486: Total time for which application threads were stopped: 0.0004537 seconds, Stopping threads took: 0.0000568 seconds
2019-04-09T17:02:07.763+0800: 195.500: Total time for which application threads were stopped: 0.0000865 seconds, Stopping threads took: 0.0000496 seconds
2019-04-09T17:02:07.779+0800: 195.516: Total time for which application threads were stopped: 0.0004570 seconds, Stopping threads took: 0.0000580 seconds
2019-04-09T17:02:07.784+0800: 195.521: Total time for which application threads were stopped: 0.0001106 seconds, Stopping threads took: 0.0000589 seconds
2019-04-09T17:02:07.888+0800: 195.625: Total time for which application threads were stopped: 0.0001391 seconds, Stopping threads took: 0.0000640 seconds
2019-04-09T17:02:08.005+0800: 195.742: Total time for which application threads were stopped: 0.0001292 seconds, Stopping threads took: 0.0000541 seconds
2019-04-09T17:02:08.084+0800: 195.821: Total time for which application threads were stopped: 0.0005297 seconds, Stopping threads took: 0.0004348 seconds
2019-04-09T17:02:08.084+0800: 195.821: Total time for which application threads were stopped: 0.0001007 seconds, Stopping threads took: 0.0000379 seconds
{Heap before GC invocations=8 (full 1):
 par new generation   total 109248K, used 109248K [0x11a00000, 0x19a00000, 0x19a00000)
  eden space 87424K, 100% used [0x11a00000, 0x16f60000, 0x16f60000)
  from space 21824K, 100% used [0x16f60000, 0x184b0000, 0x184b0000)
  to   space 21824K,   0% used [0x184b0000, 0x184b0000, 0x19a00000)
 concurrent mark-sweep generation total 393216K, used 3282K [0x19a00000, 0x31a00000, 0x31a00000)
 Metaspace       used 29099K, capacity 29952K, committed 29952K, reserved 30080K
2019-04-09T17:02:08.315+0800: 196.051: [GC (Allocation Failure) 2019-04-09T17:02:08.315+0800: 196.051: [ParNew
Desired survivor size 20112996 bytes, new threshold 7 (max 8)
- age   1:    5028720 bytes,    5028720 total
- age   2:   11663664 bytes,   16692384 total
- age   3:     804432 bytes,   17496816 total
- age   4:     982952 bytes,   18479768 total
- age   5:     285832 bytes,   18765600 total
- age   6:     650192 bytes,   19415792 total
- age   7:    1342144 bytes,   20757936 total
- age   8:    2504120 bytes,   23262056 total
: 109248K->21824K(109248K), 0.0161109 secs] 112530K->31083K(502464K), 0.0161755 secs] [Times: user=0.05 sys=0.00, real=0.02 secs] 
Heap after GC invocations=9 (full 1):
 par new generation   total 109248K, used 21824K [0x11a00000, 0x19a00000, 0x19a00000)
  eden space 87424K,   0% used [0x11a00000, 0x11a00000, 0x16f60000)
  from space 21824K, 100% used [0x184b0000, 0x19a00000, 0x19a00000)
  to   space 21824K,   0% used [0x16f60000, 0x16f60000, 0x184b0000)
 concurrent mark-sweep generation total 393216K, used 9259K [0x19a00000, 0x31a00000, 0x31a00000)
 Metaspace       used 29099K, capacity 29952K, committed 29952K, reserved 30080K
}
2019-04-09T17:02:08.331+0800: 196.068: Total time for which application threads were stopped: 0.0163843 seconds, Stopping threads took: 0.0000571 seconds
2019-04-09T17:02:08.634+0800: 196.371: Total time for which application threads were stopped: 0.0001707 seconds, Stopping threads took: 0.0000571 seconds
{Heap before GC invocations=9 (full 1):
 par new generation   total 109248K, used 109248K [0x11a00000, 0x19a00000, 0x19a00000)
  eden space 87424K, 100% used [0x11a00000, 0x16f60000, 0x16f60000)
  from space 21824K, 100% used [0x184b0000, 0x19a00000, 0x19a00000)
  to   space 21824K,   0% used [0x16f60000, 0x16f60000, 0x184b0000)
 concurrent mark-sweep generation total 393216K, used 9259K [0x19a00000, 0x31a00000, 0x31a00000)
 Metaspace       used 29114K, capacity 29952K, committed 29952K, reserved 30080K
2019-04-09T17:02:08.855+0800: 196.592: [GC (Allocation Failure) 2019-04-09T17:02:08.855+0800: 196.592: [ParNew
Desired survivor size 20112996 bytes, new threshold 8 (max 8)
- age   1:    4547992 bytes,    4547992 total
- age   2:    3685656 bytes,    8233648 total
- age   3:    8422384 bytes,   16656032 total
- age   4:     804432 bytes,   17460464 total
- age   5:     982904 bytes,   18443368 total
- age   6:     285832 bytes,   18729200 total
- age   7:     650120 bytes,   19379320 total
: 109248K->21824K(109248K), 0.0134887 secs] 118507K->36154K(502464K), 0.0135545 secs] [Times: user=0.06 sys=0.00, real=0.01 secs] 
Heap after GC invocations=10 (full 1):
 par new generation   total 109248K, used 21824K [0x11a00000, 0x19a00000, 0x19a00000)
  eden space 87424K,   0% used [0x11a00000, 0x11a00000, 0x16f60000)
  from space 21824K, 100% used [0x16f60000, 0x184b0000, 0x184b0000)
  to   space 21824K,   0% used [0x184b0000, 0x184b0000, 0x19a00000)
 concurrent mark-sweep generation total 393216K, used 14330K [0x19a00000, 0x31a00000, 0x31a00000)
 Metaspace       used 29114K, capacity 29952K, committed 29952K, reserved 30080K
}
2019-04-09T17:02:08.869+0800: 196.606: Total time for which application threads were stopped: 0.0137693 seconds, Stopping threads took: 0.0000595 seconds
{Heap before GC invocations=10 (full 1):
 par new generation   total 109248K, used 109248K [0x11a00000, 0x19a00000, 0x19a00000)
  eden space 87424K, 100% used [0x11a00000, 0x16f60000, 0x16f60000)
  from space 21824K, 100% used [0x16f60000, 0x184b0000, 0x184b0000)
  to   space 21824K,   0% used [0x184b0000, 0x184b0000, 0x19a00000)
 concurrent mark-sweep generation total 393216K, used 14330K [0x19a00000, 0x31a00000, 0x31a00000)
 Metaspace       used 29120K, capacity 29952K, committed 29952K, reserved 30080K
2019-04-09T17:02:09.278+0800: 197.015: [GC (Allocation Failure) 2019-04-09T17:02:09.278+0800: 197.015: [ParNew
Desired survivor size 20112996 bytes, new threshold 6 (max 8)
- age   1:    4342856 bytes,    4342856 total
- age   2:    2374056 bytes,    6716912 total
- age   3:    2917936 bytes,    9634848 total
- age   4:    9601288 bytes,   19236136 total
- age   5:     803488 bytes,   20039624 total
- age   6:     982952 bytes,   21022576 total
- age   7:     285832 bytes,   21308408 total
- age   8:     650120 bytes,   21958528 total
: 109248K->21824K(109248K), 0.0103965 secs] 123578K->39914K(502464K), 0.0104458 secs] [Times: user=0.06 sys=0.00, real=0.01 secs] 
Heap after GC invocations=11 (full 1):
 par new generation   total 109248K, used 21824K [0x11a00000, 0x19a00000, 0x19a00000)
  eden space 87424K,   0% used [0x11a00000, 0x11a00000, 0x16f60000)
  from space 21824K, 100% used [0x184b0000, 0x19a00000, 0x19a00000)
  to   space 21824K,   0% used [0x16f60000, 0x16f60000, 0x184b0000)
 concurrent mark-sweep generation total 393216K, used 18090K [0x19a00000, 0x31a00000, 0x31a00000)
 Metaspace       used 29120K, capacity 29952K, committed 29952K, reserved 30080K
}
2019-04-09T17:02:09.288+0800: 197.025: Total time for which application threads were stopped: 0.0106967 seconds, Stopping threads took: 0.0001031 seconds
2019-04-09T17:02:09.565+0800: 197.302: Total time for which application threads were stopped: 0.0003110 seconds, Stopping threads took: 0.0002467 seconds
2019-04-09T17:02:09.597+0800: 197.334: Total time for which application threads were stopped: 0.0006583 seconds, Stopping threads took: 0.0006051 seconds
2019-04-09T17:02:09.803+0800: 197.540: Total time for which application threads were stopped: 0.0006109 seconds, Stopping threads took: 0.0000505 seconds
{Heap before GC invocations=11 (full 1):
 par new generation   total 109248K, used 109248K [0x11a00000, 0x19a00000, 0x19a00000)
  eden space 87424K, 100% used [0x11a00000, 0x16f60000, 0x16f60000)
  from space 21824K, 100% used [0x184b0000, 0x19a00000, 0x19a00000)
  to   space 21824K,   0% used [0x16f60000, 0x16f60000, 0x184b0000)
 concurrent mark-sweep generation total 393216K, used 18090K [0x19a00000, 0x31a00000, 0x31a00000)
 Metaspace       used 29464K, capacity 30306K, committed 30336K, reserved 31104K
2019-04-09T17:02:09.962+0800: 197.699: [GC (Allocation Failure) 2019-04-09T17:02:09.962+0800: 197.699: [ParNew
Desired survivor size 20112996 bytes, new threshold 6 (max 8)
- age   1:    4337912 bytes,    4337912 total
- age   2:    2265456 bytes,    6603368 total
- age   3:    1390512 bytes,    7993880 total
- age   4:    2141800 bytes,   10135680 total
- age   5:    9594608 bytes,   19730288 total
- age   6:     803488 bytes,   20533776 total
: 109248K->21824K(109248K), 0.0099840 secs] 127338K->41806K(502464K), 0.0100351 secs] [Times: user=0.05 sys=0.02, real=0.01 secs] 
Heap after GC invocations=12 (full 1):
 par new generation   total 109248K, used 21824K [0x11a00000, 0x19a00000, 0x19a00000)
  eden space 87424K,   0% used [0x11a00000, 0x11a00000, 0x16f60000)
  from space 21824K, 100% used [0x16f60000, 0x184b0000, 0x184b0000)
  to   space 21824K,   0% used [0x184b0000, 0x184b0000, 0x19a00000)
 concurrent mark-sweep generation total 393216K, used 19982K [0x19a00000, 0x31a00000, 0x31a00000)
 Metaspace       used 29464K, capacity 30306K, committed 30336K, reserved 31104K
}
2019-04-09T17:02:09.972+0800: 197.709: Total time for which application threads were stopped: 0.0103584 seconds, Stopping threads took: 0.0001725 seconds
2019-04-09T17:02:10.127+0800: 197.865: Total time for which application threads were stopped: 0.0001262 seconds, Stopping threads took: 0.0000574 seconds
2019-04-09T17:02:10.159+0800: 197.896: Total time for which application threads were stopped: 0.0002031 seconds, Stopping threads took: 0.0001433 seconds
2019-04-09T17:02:10.290+0800: 198.027: Total time for which application threads were stopped: 0.0001073 seconds, Stopping threads took: 0.0000562 seconds
2019-04-09T17:02:10.294+0800: 198.031: Total time for which application threads were stopped: 0.0001007 seconds, Stopping threads took: 0.0000568 seconds
2019-04-09T17:02:10.298+0800: 198.035: Total time for which application threads were stopped: 0.0000962 seconds, Stopping threads took: 0.0000535 seconds
2019-04-09T17:02:10.298+0800: 198.035: Total time for which application threads were stopped: 0.0000601 seconds, Stopping threads took: 0.0000258 seconds
2019-04-09T17:02:10.298+0800: 198.035: Total time for which application threads were stopped: 0.0000445 seconds, Stopping threads took: 0.0000243 seconds
2019-04-09T17:02:10.298+0800: 198.035: Total time for which application threads were stopped: 0.0000436 seconds, Stopping threads took: 0.0000249 seconds
2019-04-09T17:02:10.299+0800: 198.035: Total time for which application threads were stopped: 0.0000409 seconds, Stopping threads took: 0.0000225 seconds
2019-04-09T17:02:10.299+0800: 198.036: Total time for which application threads were stopped: 0.0000448 seconds, Stopping threads took: 0.0000240 seconds
2019-04-09T17:02:10.299+0800: 198.036: Total time for which application threads were stopped: 0.0000403 seconds, Stopping threads took: 0.0000213 seconds
2019-04-09T17:02:10.299+0800: 198.036: Total time for which application threads were stopped: 0.0000427 seconds, Stopping threads took: 0.0000243 seconds
2019-04-09T17:02:10.299+0800: 198.036: Total time for which application threads were stopped: 0.0000394 seconds, Stopping threads took: 0.0000213 seconds
2019-04-09T17:02:10.299+0800: 198.036: Total time for which application threads were stopped: 0.0000544 seconds, Stopping threads took: 0.0000312 seconds
2019-04-09T17:02:10.299+0800: 198.036: Total time for which application threads were stopped: 0.0000610 seconds, Stopping threads took: 0.0000376 seconds
2019-04-09T17:02:10.300+0800: 198.036: Total time for which application threads were stopped: 0.0000526 seconds, Stopping threads took: 0.0000306 seconds
2019-04-09T17:02:10.300+0800: 198.037: Total time for which application threads were stopped: 0.0000778 seconds, Stopping threads took: 0.0000535 seconds
2019-04-09T17:02:10.300+0800: 198.037: Total time for which application threads were stopped: 0.0000577 seconds, Stopping threads took: 0.0000364 seconds
2019-04-09T17:02:10.300+0800: 198.037: Total time for which application threads were stopped: 0.0000523 seconds, Stopping threads took: 0.0000288 seconds
2019-04-09T17:02:10.300+0800: 198.037: Total time for which application threads were stopped: 0.0000523 seconds, Stopping threads took: 0.0000303 seconds
2019-04-09T17:02:10.300+0800: 198.037: Total time for which application threads were stopped: 0.0000496 seconds, Stopping threads took: 0.0000291 seconds
2019-04-09T17:02:10.301+0800: 198.038: Total time for which application threads were stopped: 0.0001743 seconds, Stopping threads took: 0.0001466 seconds
2019-04-09T17:02:10.301+0800: 198.038: Total time for which application threads were stopped: 0.0000373 seconds, Stopping threads took: 0.0000156 seconds
2019-04-09T17:02:10.304+0800: 198.040: Total time for which application threads were stopped: 0.0001127 seconds, Stopping threads took: 0.0000595 seconds
2019-04-09T17:02:10.304+0800: 198.041: Total time for which application threads were stopped: 0.0000601 seconds, Stopping threads took: 0.0000306 seconds
2019-04-09T17:02:11.304+0800: 199.041: Total time for which application threads were stopped: 0.0001022 seconds, Stopping threads took: 0.0000592 seconds
2019-04-09T17:02:12.391+0800: 200.128: Total time for which application threads were stopped: 0.0000949 seconds, Stopping threads took: 0.0000535 seconds
2019-04-09T17:02:12.392+0800: 200.128: Total time for which application threads were stopped: 0.0000868 seconds, Stopping threads took: 0.0000484 seconds
2019-04-09T17:02:13.169+0800: 200.906: Total time for which application threads were stopped: 0.0001659 seconds, Stopping threads took: 0.0000658 seconds
2019-04-09T17:02:13.169+0800: 200.906: Total time for which application threads were stopped: 0.0000667 seconds, Stopping threads took: 0.0000306 seconds
2019-04-09T17:02:14.170+0800: 201.906: Total time for which application threads were stopped: 0.0001115 seconds, Stopping threads took: 0.0000592 seconds
2019-04-09T17:02:15.170+0800: 202.906: Total time for which application threads were stopped: 0.0000958 seconds, Stopping threads took: 0.0000550 seconds
2019-04-09T17:02:22.785+0800: 210.522: Total time for which application threads were stopped: 0.0000550 seconds, Stopping threads took: 0.0000183 seconds
2019-04-09T17:03:08.810+0800: 256.546: Total time for which application threads were stopped: 0.0000598 seconds, Stopping threads took: 0.0000207 seconds
2019-04-09T17:04:08.833+0800: 316.570: Total time for which application threads were stopped: 0.0000646 seconds, Stopping threads took: 0.0000228 seconds
2019-04-09T17:04:24.148+0800: 331.885: Total time for which application threads were stopped: 0.0001136 seconds, Stopping threads took: 0.0000640 seconds
2019-04-09T17:04:24.148+0800: 331.885: Total time for which application threads were stopped: 0.0000472 seconds, Stopping threads took: 0.0000228 seconds
2019-04-09T17:04:24.149+0800: 331.886: Total time for which application threads were stopped: 0.0000508 seconds, Stopping threads took: 0.0000207 seconds
2019-04-09T17:04:24.149+0800: 331.886: Total time for which application threads were stopped: 0.0000610 seconds, Stopping threads took: 0.0000252 seconds
2019-04-09T17:04:24.150+0800: 331.887: Total time for which application threads were stopped: 0.0000565 seconds, Stopping threads took: 0.0000261 seconds
2019-04-09T17:04:24.150+0800: 331.887: Total time for which application threads were stopped: 0.0000454 seconds, Stopping threads took: 0.0000165 seconds
2019-04-09T17:04:24.151+0800: 331.888: Total time for which application threads were stopped: 0.0000469 seconds, Stopping threads took: 0.0000171 seconds
2019-04-09T17:04:24.151+0800: 331.888: Total time for which application threads were stopped: 0.0000406 seconds, Stopping threads took: 0.0000129 seconds
2019-04-09T17:04:24.152+0800: 331.888: Total time for which application threads were stopped: 0.0000379 seconds, Stopping threads took: 0.0000132 seconds
2019-04-09T17:04:25.152+0800: 332.889: Total time for which application threads were stopped: 0.0000853 seconds, Stopping threads took: 0.0000240 seconds
2019-04-09T17:04:49.181+0800: 356.918: Total time for which application threads were stopped: 0.0000493 seconds, Stopping threads took: 0.0000165 seconds
2019-04-09T17:04:49.185+0800: 356.922: Total time for which application threads were stopped: 0.0000643 seconds, Stopping threads took: 0.0000177 seconds
2019-04-09T17:04:49.185+0800: 356.922: Total time for which application threads were stopped: 0.0000835 seconds, Stopping threads took: 0.0000466 seconds
2019-04-09T17:04:49.186+0800: 356.923: Total time for which application threads were stopped: 0.0000421 seconds, Stopping threads took: 0.0000114 seconds
2019-04-09T17:04:49.186+0800: 356.923: Total time for which application threads were stopped: 0.0000619 seconds, Stopping threads took: 0.0000147 seconds
2019-04-09T17:04:49.186+0800: 356.923: Total time for which application threads were stopped: 0.0000252 seconds, Stopping threads took: 0.0000087 seconds
2019-04-09T17:04:49.187+0800: 356.924: Total time for which application threads were stopped: 0.0000742 seconds, Stopping threads took: 0.0000430 seconds
2019-04-09T17:04:49.187+0800: 356.924: Total time for which application threads were stopped: 0.0000409 seconds, Stopping threads took: 0.0000210 seconds
2019-04-09T17:04:49.187+0800: 356.924: Total time for which application threads were stopped: 0.0000312 seconds, Stopping threads took: 0.0000156 seconds
2019-04-09T17:04:49.191+0800: 356.927: Total time for which application threads were stopped: 0.0001313 seconds, Stopping threads took: 0.0000808 seconds
2019-04-09T17:04:49.191+0800: 356.928: Total time for which application threads were stopped: 0.0000586 seconds, Stopping threads took: 0.0000246 seconds
2019-04-09T17:04:49.191+0800: 356.928: Total time for which application threads were stopped: 0.0000995 seconds, Stopping threads took: 0.0000655 seconds
2019-04-09T17:04:49.191+0800: 356.928: Total time for which application threads were stopped: 0.0000580 seconds, Stopping threads took: 0.0000379 seconds
2019-04-09T17:04:49.191+0800: 356.928: Total time for which application threads were stopped: 0.0000952 seconds, Stopping threads took: 0.0000739 seconds
2019-04-09T17:04:49.194+0800: 356.931: Total time for which application threads were stopped: 0.0000679 seconds, Stopping threads took: 0.0000234 seconds
2019-04-09T17:04:49.196+0800: 356.933: Total time for which application threads were stopped: 0.0000667 seconds, Stopping threads took: 0.0000270 seconds
2019-04-09T17:04:49.204+0800: 356.941: Total time for which application threads were stopped: 0.0000712 seconds, Stopping threads took: 0.0000282 seconds
2019-04-09T17:04:49.204+0800: 356.941: Total time for which application threads were stopped: 0.0000325 seconds, Stopping threads took: 0.0000105 seconds
2019-04-09T17:04:49.205+0800: 356.942: Total time for which application threads were stopped: 0.0000391 seconds, Stopping threads took: 0.0000123 seconds
2019-04-09T17:04:49.205+0800: 356.942: Total time for which application threads were stopped: 0.0001040 seconds, Stopping threads took: 0.0000496 seconds
2019-04-09T17:04:49.205+0800: 356.942: Total time for which application threads were stopped: 0.0000628 seconds, Stopping threads took: 0.0000093 seconds
2019-04-09T17:04:49.205+0800: 356.942: Total time for which application threads were stopped: 0.0000856 seconds, Stopping threads took: 0.0000231 seconds
2019-04-09T17:04:49.206+0800: 356.943: Total time for which application threads were stopped: 0.0000460 seconds, Stopping threads took: 0.0000105 seconds
2019-04-09T17:04:49.206+0800: 356.943: Total time for which application threads were stopped: 0.0000466 seconds, Stopping threads took: 0.0000237 seconds
2019-04-09T17:04:49.206+0800: 356.943: Total time for which application threads were stopped: 0.0001166 seconds, Stopping threads took: 0.0000222 seconds
2019-04-09T17:04:49.207+0800: 356.944: Total time for which application threads were stopped: 0.0001085 seconds, Stopping threads took: 0.0000823 seconds
2019-04-09T17:04:49.208+0800: 356.945: Total time for which application threads were stopped: 0.0000460 seconds, Stopping threads took: 0.0000084 seconds
2019-04-09T17:04:49.209+0800: 356.946: Total time for which application threads were stopped: 0.0000892 seconds, Stopping threads took: 0.0000427 seconds
2019-04-09T17:04:49.209+0800: 356.946: Total time for which application threads were stopped: 0.0000490 seconds, Stopping threads took: 0.0000126 seconds
2019-04-09T17:04:49.211+0800: 356.948: Total time for which application threads were stopped: 0.0000529 seconds, Stopping threads took: 0.0000156 seconds
2019-04-09T17:04:49.217+0800: 356.954: Total time for which application threads were stopped: 0.0001244 seconds, Stopping threads took: 0.0000874 seconds
2019-04-09T17:04:49.219+0800: 356.956: Total time for which application threads were stopped: 0.0000415 seconds, Stopping threads took: 0.0000150 seconds
2019-04-09T17:04:49.219+0800: 356.956: Total time for which application threads were stopped: 0.0000291 seconds, Stopping threads took: 0.0000099 seconds
2019-04-09T17:04:49.219+0800: 356.956: Total time for which application threads were stopped: 0.0000412 seconds, Stopping threads took: 0.0000060 seconds
2019-04-09T17:04:49.220+0800: 356.956: Total time for which application threads were stopped: 0.0000436 seconds, Stopping threads took: 0.0000246 seconds
2019-04-09T17:04:49.220+0800: 356.957: Total time for which application threads were stopped: 0.0000412 seconds, Stopping threads took: 0.0000060 seconds
2019-04-09T17:04:49.220+0800: 356.957: Total time for which application threads were stopped: 0.0000340 seconds, Stopping threads took: 0.0000081 seconds
2019-04-09T17:04:49.220+0800: 356.957: Total time for which application threads were stopped: 0.0000255 seconds, Stopping threads took: 0.0000108 seconds
2019-04-09T17:04:49.220+0800: 356.957: Total time for which application threads were stopped: 0.0000312 seconds, Stopping threads took: 0.0000198 seconds
2019-04-09T17:04:49.220+0800: 356.957: Total time for which application threads were stopped: 0.0000303 seconds, Stopping threads took: 0.0000072 seconds
2019-04-09T17:04:49.220+0800: 356.957: Total time for which application threads were stopped: 0.0000255 seconds, Stopping threads took: 0.0000105 seconds
2019-04-09T17:04:49.220+0800: 356.957: Total time for which application threads were stopped: 0.0000312 seconds, Stopping threads took: 0.0000198 seconds
2019-04-09T17:04:49.220+0800: 356.957: Total time for which application threads were stopped: 0.0000186 seconds, Stopping threads took: 0.0000075 seconds
2019-04-09T17:04:49.221+0800: 356.957: Total time for which application threads were stopped: 0.0000379 seconds, Stopping threads took: 0.0000186 seconds
2019-04-09T17:04:49.221+0800: 356.958: Total time for which application threads were stopped: 0.0000291 seconds, Stopping threads took: 0.0000156 seconds
2019-04-09T17:04:49.221+0800: 356.958: Total time for which application threads were stopped: 0.0000391 seconds, Stopping threads took: 0.0000207 seconds
2019-04-09T17:04:49.221+0800: 356.958: Total time for which application threads were stopped: 0.0000343 seconds, Stopping threads took: 0.0000171 seconds
2019-04-09T17:04:49.221+0800: 356.958: Total time for which application threads were stopped: 0.0000484 seconds, Stopping threads took: 0.0000340 seconds
2019-04-09T17:04:49.221+0800: 356.958: Total time for which application threads were stopped: 0.0000297 seconds, Stopping threads took: 0.0000168 seconds
2019-04-09T17:04:49.221+0800: 356.958: Total time for which application threads were stopped: 0.0000580 seconds, Stopping threads took: 0.0000117 seconds
2019-04-09T17:04:49.221+0800: 356.958: Total time for which application threads were stopped: 0.0000397 seconds, Stopping threads took: 0.0000120 seconds
2019-04-09T17:04:49.221+0800: 356.958: Total time for which application threads were stopped: 0.0001286 seconds, Stopping threads took: 0.0000766 seconds
2019-04-09T17:04:49.221+0800: 356.958: Total time for which application threads were stopped: 0.0000859 seconds, Stopping threads took: 0.0000601 seconds
2019-04-09T17:04:49.222+0800: 356.958: Total time for which application threads were stopped: 0.0000361 seconds, Stopping threads took: 0.0000240 seconds
2019-04-09T17:04:49.222+0800: 356.959: Total time for which application threads were stopped: 0.0000409 seconds, Stopping threads took: 0.0000270 seconds
2019-04-09T17:04:49.222+0800: 356.959: Total time for which application threads were stopped: 0.0000511 seconds, Stopping threads took: 0.0000276 seconds
2019-04-09T17:04:49.222+0800: 356.959: Total time for which application threads were stopped: 0.0000556 seconds, Stopping threads took: 0.0000057 seconds
2019-04-09T17:04:49.222+0800: 356.959: Total time for which application threads were stopped: 0.0000724 seconds, Stopping threads took: 0.0000282 seconds
Heap
 par new generation   total 109248K, used 72819K [0x11a00000, 0x19a00000, 0x19a00000)
  eden space 87424K,  58% used [0x11a00000, 0x14bccca0, 0x16f60000)
  from space 21824K, 100% used [0x16f60000, 0x184b0000, 0x184b0000)
  to   space 21824K,   0% used [0x184b0000, 0x184b0000, 0x19a00000)
 concurrent mark-sweep generation total 393216K, used 19982K [0x19a00000, 0x31a00000, 0x31a00000)
 Metaspace       used 29712K, capacity 30545K, committed 30592K, reserved 31104K
